   1               		.file	"keycode_config.c"
   2               	__SP_H__ = 0x3e
   3               	__SP_L__ = 0x3d
   4               	__SREG__ = 0x3f
   5               	__tmp_reg__ = 0
   6               	__zero_reg__ = 1
   7               		.text
   8               	.Ltext0:
   9               		.cfi_sections	.debug_frame
  10               		.section	.text.keycode_config,"ax",@progbits
  11               	.global	keycode_config
  13               	keycode_config:
  14               	.LFB0:
  15               		.file 1 "quantum/keycode_config.c"
   1:quantum/keycode_config.c **** #include "keycode_config.h"
   2:quantum/keycode_config.c **** 
   3:quantum/keycode_config.c **** extern keymap_config_t keymap_config;
   4:quantum/keycode_config.c **** 
   5:quantum/keycode_config.c **** uint16_t keycode_config(uint16_t keycode) {
  16               		.loc 1 5 0
  17               		.cfi_startproc
  18               	.LVL0:
  19               	/* prologue: function */
  20               	/* frame size = 0 */
  21               	/* stack size = 0 */
  22               	.L__stack_usage = 0
   6:quantum/keycode_config.c **** 
   7:quantum/keycode_config.c ****     switch (keycode) {
  23               		.loc 1 7 0
  24 0000 8238      		cpi r24,-126
  25 0002 9105      		cpc r25,__zero_reg__
  26 0004 01F0      		breq .L3
  27 0006 00F4      		brsh .L4
  28 0008 8133      		cpi r24,49
  29 000a 9105      		cpc r25,__zero_reg__
  30 000c 01F4      		brne .+2
  31 000e 00C0      		rjmp .L5
  32 0010 00F4      		brsh .L6
  33 0012 8932      		cpi r24,41
  34 0014 9105      		cpc r25,__zero_reg__
  35 0016 01F4      		brne .+2
  36 0018 00C0      		rjmp .L7
  37 001a 8A32      		cpi r24,42
  38 001c 9105      		cpc r25,__zero_reg__
  39 001e 01F4      		brne .+2
  40 0020 00C0      		rjmp .L8
  41 0022 0895      		ret
  42               	.L6:
  43 0024 8533      		cpi r24,53
  44 0026 9105      		cpc r25,__zero_reg__
  45 0028 01F4      		brne .+2
  46 002a 00C0      		rjmp .L9
  47 002c 8933      		cpi r24,57
  48 002e 9105      		cpc r25,__zero_reg__
  49 0030 01F0      		breq .L3
  50 0032 0895      		ret
  51               	.L4:
  52 0034 833E      		cpi r24,-29
  53 0036 9105      		cpc r25,__zero_reg__
  54 0038 01F0      		breq .L10
  55 003a 00F4      		brsh .L11
  56 003c 803E      		cpi r24,-32
  57 003e 9105      		cpc r25,__zero_reg__
  58 0040 01F0      		breq .L12
  59 0042 823E      		cpi r24,-30
  60 0044 9105      		cpc r25,__zero_reg__
  61 0046 01F0      		breq .L13
  62 0048 0895      		ret
  63               	.L11:
  64 004a 863E      		cpi r24,-26
  65 004c 9105      		cpc r25,__zero_reg__
  66 004e 01F0      		breq .L14
  67 0050 873E      		cpi r24,-25
  68 0052 9105      		cpc r25,__zero_reg__
  69 0054 01F0      		breq .L15
  70 0056 0895      		ret
  71               	.L3:
   8:quantum/keycode_config.c ****         case KC_CAPSLOCK:
   9:quantum/keycode_config.c ****         case KC_LOCKING_CAPS:
  10:quantum/keycode_config.c ****             if (keymap_config.swap_control_capslock || keymap_config.capslock_to_control) {
  72               		.loc 1 10 0
  73 0058 2091 0000 		lds r18,keymap_config
  74 005c 2370      		andi r18,lo8(3)
  75 005e 01F4      		brne .L16
  76 0060 0895      		ret
  77               	.L12:
  11:quantum/keycode_config.c ****                 return KC_LCTL;
  12:quantum/keycode_config.c ****             }
  13:quantum/keycode_config.c ****             return keycode;
  14:quantum/keycode_config.c ****         case KC_LCTL:
  15:quantum/keycode_config.c ****             if (keymap_config.swap_control_capslock) {
  78               		.loc 1 15 0
  79 0062 2091 0000 		lds r18,keymap_config
  80 0066 20FF      		sbrs r18,0
  81 0068 00C0      		rjmp .L2
  16:quantum/keycode_config.c ****                 return KC_CAPSLOCK;
  82               		.loc 1 16 0
  83 006a 89E3      		ldi r24,lo8(57)
  84 006c 90E0      		ldi r25,0
  85               	.LVL1:
  86 006e 0895      		ret
  87               	.LVL2:
  88               	.L13:
  17:quantum/keycode_config.c ****             }
  18:quantum/keycode_config.c ****             return KC_LCTL;
  19:quantum/keycode_config.c ****         case KC_LALT:
  20:quantum/keycode_config.c ****             if (keymap_config.swap_lalt_lgui) {
  89               		.loc 1 20 0
  90 0070 2091 0000 		lds r18,keymap_config
  91 0074 22FF      		sbrs r18,2
  92 0076 00C0      		rjmp .L2
  21:quantum/keycode_config.c ****                 if (keymap_config.no_gui) {
  93               		.loc 1 21 0
  94 0078 24FF      		sbrs r18,4
  95 007a 00C0      		rjmp .L17
  96               	.L46:
  22:quantum/keycode_config.c ****                     return KC_NO;
  97               		.loc 1 22 0
  98 007c 80E0      		ldi r24,0
  99 007e 90E0      		ldi r25,0
 100               	.LVL3:
 101 0080 0895      		ret
 102               	.LVL4:
 103               	.L10:
  23:quantum/keycode_config.c ****                 }
  24:quantum/keycode_config.c ****                 return KC_LGUI;
  25:quantum/keycode_config.c ****             }
  26:quantum/keycode_config.c ****             return KC_LALT;
  27:quantum/keycode_config.c ****         case KC_LGUI:
  28:quantum/keycode_config.c ****             if (keymap_config.swap_lalt_lgui) {
 104               		.loc 1 28 0
 105 0082 2091 0000 		lds r18,keymap_config
 106 0086 22FD      		sbrc r18,2
 107 0088 00C0      		rjmp .L18
 108               	.L48:
  29:quantum/keycode_config.c ****                 return KC_LALT;
  30:quantum/keycode_config.c ****             }
  31:quantum/keycode_config.c ****             if (keymap_config.no_gui) {
  32:quantum/keycode_config.c ****                 return KC_NO;
  33:quantum/keycode_config.c ****             }
  34:quantum/keycode_config.c ****             return KC_LGUI;
  35:quantum/keycode_config.c ****         case KC_RALT:
  36:quantum/keycode_config.c ****             if (keymap_config.swap_ralt_rgui) {
  37:quantum/keycode_config.c ****                 if (keymap_config.no_gui) {
  38:quantum/keycode_config.c ****                     return KC_NO;
  39:quantum/keycode_config.c ****                 }
  40:quantum/keycode_config.c ****                 return KC_RGUI;
  41:quantum/keycode_config.c ****             }
  42:quantum/keycode_config.c ****             return KC_RALT;
  43:quantum/keycode_config.c ****         case KC_RGUI:
  44:quantum/keycode_config.c ****             if (keymap_config.swap_ralt_rgui) {
  45:quantum/keycode_config.c ****                 return KC_RALT;
  46:quantum/keycode_config.c ****             }
  47:quantum/keycode_config.c ****             if (keymap_config.no_gui) {
 109               		.loc 1 47 0
 110 008a 24FD      		sbrc r18,4
 111 008c 00C0      		rjmp .L46
 112               	.LVL5:
 113               	.L2:
  48:quantum/keycode_config.c ****                 return KC_NO;
  49:quantum/keycode_config.c ****             }
  50:quantum/keycode_config.c ****             return KC_RGUI;
  51:quantum/keycode_config.c ****         case KC_GRAVE:
  52:quantum/keycode_config.c ****             if (keymap_config.swap_grave_esc) {
  53:quantum/keycode_config.c ****                 return KC_ESC;
  54:quantum/keycode_config.c ****             }
  55:quantum/keycode_config.c ****             return KC_GRAVE;
  56:quantum/keycode_config.c ****         case KC_ESC:
  57:quantum/keycode_config.c ****             if (keymap_config.swap_grave_esc) {
  58:quantum/keycode_config.c ****                 return KC_GRAVE;
  59:quantum/keycode_config.c ****             }
  60:quantum/keycode_config.c ****             return KC_ESC;
  61:quantum/keycode_config.c ****         case KC_BSLASH:
  62:quantum/keycode_config.c ****             if (keymap_config.swap_backslash_backspace) {
  63:quantum/keycode_config.c ****                 return KC_BSPACE;
  64:quantum/keycode_config.c ****             }
  65:quantum/keycode_config.c ****             return KC_BSLASH;
  66:quantum/keycode_config.c ****         case KC_BSPACE:
  67:quantum/keycode_config.c ****             if (keymap_config.swap_backslash_backspace) {
  68:quantum/keycode_config.c ****                 return KC_BSLASH;
  69:quantum/keycode_config.c ****             }
  70:quantum/keycode_config.c ****             return KC_BSPACE;
  71:quantum/keycode_config.c ****         default:
  72:quantum/keycode_config.c ****             return keycode;
  73:quantum/keycode_config.c ****     }
  74:quantum/keycode_config.c **** }...
 114               		.loc 1 74 0
 115 008e 0895      		ret
 116               	.LVL6:
 117               	.L14:
  36:quantum/keycode_config.c ****             if (keymap_config.swap_ralt_rgui) {
 118               		.loc 1 36 0
 119 0090 2091 0000 		lds r18,keymap_config
 120 0094 23FF      		sbrs r18,3
 121 0096 00C0      		rjmp .L2
  37:quantum/keycode_config.c ****                 if (keymap_config.no_gui) {
 122               		.loc 1 37 0
 123 0098 24FD      		sbrc r18,4
 124 009a 00C0      		rjmp .L46
  40:quantum/keycode_config.c ****                 return KC_RGUI;
 125               		.loc 1 40 0
 126 009c 87EE      		ldi r24,lo8(-25)
 127 009e 90E0      		ldi r25,0
 128               	.LVL7:
 129 00a0 0895      		ret
 130               	.LVL8:
 131               	.L15:
  44:quantum/keycode_config.c ****             if (keymap_config.swap_ralt_rgui) {
 132               		.loc 1 44 0
 133 00a2 2091 0000 		lds r18,keymap_config
 134 00a6 23FF      		sbrs r18,3
 135 00a8 00C0      		rjmp .L48
  42:quantum/keycode_config.c ****             return KC_RALT;
 136               		.loc 1 42 0
 137 00aa 86EE      		ldi r24,lo8(-26)
 138 00ac 90E0      		ldi r25,0
 139               	.LVL9:
 140 00ae 0895      		ret
 141               	.LVL10:
 142               	.L9:
  52:quantum/keycode_config.c ****             if (keymap_config.swap_grave_esc) {
 143               		.loc 1 52 0
 144 00b0 2091 0000 		lds r18,keymap_config
 145 00b4 25FD      		sbrc r18,5
 146 00b6 00C0      		rjmp .L21
 147 00b8 0895      		ret
 148               	.L7:
  57:quantum/keycode_config.c ****             if (keymap_config.swap_grave_esc) {
 149               		.loc 1 57 0
 150 00ba 2091 0000 		lds r18,keymap_config
 151 00be 25FD      		sbrc r18,5
 152 00c0 00C0      		rjmp .L22
 153 00c2 0895      		ret
 154               	.L5:
  62:quantum/keycode_config.c ****             if (keymap_config.swap_backslash_backspace) {
 155               		.loc 1 62 0
 156 00c4 2091 0000 		lds r18,keymap_config
 157 00c8 26FD      		sbrc r18,6
 158 00ca 00C0      		rjmp .L23
 159 00cc 0895      		ret
 160               	.L8:
  67:quantum/keycode_config.c ****             if (keymap_config.swap_backslash_backspace) {
 161               		.loc 1 67 0
 162 00ce 2091 0000 		lds r18,keymap_config
 163 00d2 26FD      		sbrc r18,6
 164 00d4 00C0      		rjmp .L24
 165 00d6 0895      		ret
 166               	.L16:
  18:quantum/keycode_config.c ****             return KC_LCTL;
 167               		.loc 1 18 0
 168 00d8 80EE      		ldi r24,lo8(-32)
 169 00da 90E0      		ldi r25,0
 170               	.LVL11:
 171 00dc 0895      		ret
 172               	.LVL12:
 173               	.L17:
  24:quantum/keycode_config.c ****                 return KC_LGUI;
 174               		.loc 1 24 0
 175 00de 83EE      		ldi r24,lo8(-29)
 176 00e0 90E0      		ldi r25,0
 177               	.LVL13:
 178 00e2 0895      		ret
 179               	.LVL14:
 180               	.L18:
  26:quantum/keycode_config.c ****             return KC_LALT;
 181               		.loc 1 26 0
 182 00e4 82EE      		ldi r24,lo8(-30)
 183 00e6 90E0      		ldi r25,0
 184               	.LVL15:
 185 00e8 0895      		ret
 186               	.LVL16:
 187               	.L21:
  53:quantum/keycode_config.c ****                 return KC_ESC;
 188               		.loc 1 53 0
 189 00ea 89E2      		ldi r24,lo8(41)
 190 00ec 90E0      		ldi r25,0
 191               	.LVL17:
 192 00ee 0895      		ret
 193               	.LVL18:
 194               	.L22:
  58:quantum/keycode_config.c ****                 return KC_GRAVE;
 195               		.loc 1 58 0
 196 00f0 85E3      		ldi r24,lo8(53)
 197 00f2 90E0      		ldi r25,0
 198               	.LVL19:
 199 00f4 0895      		ret
 200               	.LVL20:
 201               	.L23:
  63:quantum/keycode_config.c ****                 return KC_BSPACE;
 202               		.loc 1 63 0
 203 00f6 8AE2      		ldi r24,lo8(42)
 204 00f8 90E0      		ldi r25,0
 205               	.LVL21:
 206 00fa 0895      		ret
 207               	.LVL22:
 208               	.L24:
  68:quantum/keycode_config.c ****                 return KC_BSLASH;
 209               		.loc 1 68 0
 210 00fc 81E3      		ldi r24,lo8(49)
 211 00fe 90E0      		ldi r25,0
 212               	.LVL23:
 213 0100 00C0      		rjmp .L2
 214               		.cfi_endproc
 215               	.LFE0:
 217               		.text
 218               	.Letext0:
 219               		.file 2 "quantum/keycode_config.h"
 220               		.file 3 "/usr/avr/include/stdint.h"
 221               		.file 4 "./tmk_core/common/keycode.h"
DEFINED SYMBOLS
                            *ABS*:0000000000000000 keycode_config.c
     /tmp/ccTldzDo.s:2      *ABS*:000000000000003e __SP_H__
     /tmp/ccTldzDo.s:3      *ABS*:000000000000003d __SP_L__
     /tmp/ccTldzDo.s:4      *ABS*:000000000000003f __SREG__
     /tmp/ccTldzDo.s:5      *ABS*:0000000000000000 __tmp_reg__
     /tmp/ccTldzDo.s:6      *ABS*:0000000000000001 __zero_reg__
     /tmp/ccTldzDo.s:13     .text.keycode_config:0000000000000000 keycode_config

UNDEFINED SYMBOLS
keymap_config
