   1               		.file	"process_leader.c"
   2               	__SP_H__ = 0x3e
   3               	__SP_L__ = 0x3d
   4               	__SREG__ = 0x3f
   5               	__tmp_reg__ = 0
   6               	__zero_reg__ = 1
   7               		.text
   8               	.Ltext0:
   9               		.cfi_sections	.debug_frame
  10               		.section	.text.leader_start,"ax",@progbits
  11               		.weak	leader_start
  13               	leader_start:
  14               	.LFB107:
  15               		.file 1 "quantum/process_keycode/process_leader.c"
   1:quantum/process_keycode/process_leader.c **** #include "process_leader.h"
   2:quantum/process_keycode/process_leader.c **** 
   3:quantum/process_keycode/process_leader.c **** __attribute__ ((weak))
   4:quantum/process_keycode/process_leader.c **** void leader_start(void) {}
  16               		.loc 1 4 0
  17               		.cfi_startproc
  18               	/* prologue: function */
  19               	/* frame size = 0 */
  20               	/* stack size = 0 */
  21               	.L__stack_usage = 0
  22               	/* epilogue start */
  23               		.loc 1 4 0
  24 0000 0895      		ret
  25               		.cfi_endproc
  26               	.LFE107:
  28               		.set	leader_start.localalias.0,leader_start
  29               		.section	.text.leader_end,"ax",@progbits
  30               		.weak	leader_end
  32               	leader_end:
  33               	.LFB111:
  34               		.cfi_startproc
  35               	/* prologue: function */
  36               	/* frame size = 0 */
  37               	/* stack size = 0 */
  38               	.L__stack_usage = 0
  39               	/* epilogue start */
  40 0000 0895      		ret
  41               		.cfi_endproc
  42               	.LFE111:
  44               		.section	.text.process_leader,"ax",@progbits
  45               	.global	process_leader
  47               	process_leader:
  48               	.LFB109:
   5:quantum/process_keycode/process_leader.c **** 
   6:quantum/process_keycode/process_leader.c **** __attribute__ ((weak))
   7:quantum/process_keycode/process_leader.c **** void leader_end(void) {}
   8:quantum/process_keycode/process_leader.c **** 
   9:quantum/process_keycode/process_leader.c **** // Leader key stuff
  10:quantum/process_keycode/process_leader.c **** bool leading = false;
  11:quantum/process_keycode/process_leader.c **** uint16_t leader_time = 0;
  12:quantum/process_keycode/process_leader.c **** 
  13:quantum/process_keycode/process_leader.c **** uint16_t leader_sequence[5] = {0, 0, 0, 0, 0};
  14:quantum/process_keycode/process_leader.c **** uint8_t leader_sequence_size = 0;
  15:quantum/process_keycode/process_leader.c **** 
  16:quantum/process_keycode/process_leader.c **** bool process_leader(uint16_t keycode, keyrecord_t *record) {
  49               		.loc 1 16 0
  50               		.cfi_startproc
  51               	.LVL0:
  52               		.loc 1 16 0
  53 0000 0F93      		push r16
  54               	.LCFI0:
  55               		.cfi_def_cfa_offset 3
  56               		.cfi_offset 16, -2
  57 0002 1F93      		push r17
  58               	.LCFI1:
  59               		.cfi_def_cfa_offset 4
  60               		.cfi_offset 17, -3
  61 0004 CF93      		push r28
  62               	.LCFI2:
  63               		.cfi_def_cfa_offset 5
  64               		.cfi_offset 28, -4
  65               	/* prologue: function */
  66               	/* frame size = 0 */
  67               	/* stack size = 3 */
  68               	.L__stack_usage = 3
  69 0006 8C01      		movw r16,r24
  17:quantum/process_keycode/process_leader.c ****   // Leader key set-up
  18:quantum/process_keycode/process_leader.c ****   if (record->event.pressed) {
  70               		.loc 1 18 0
  71 0008 FB01      		movw r30,r22
  72 000a 8281      		ldd r24,Z+2
  73               	.LVL1:
  74 000c 8111      		cpse r24,__zero_reg__
  75 000e 00C0      		rjmp .L4
  76               	.LVL2:
  77               	.L7:
  19:quantum/process_keycode/process_leader.c ****     if (!leading && keycode == KC_LEAD) {
  20:quantum/process_keycode/process_leader.c ****       leader_start();
  21:quantum/process_keycode/process_leader.c ****       leading = true;
  22:quantum/process_keycode/process_leader.c ****       leader_time = timer_read();
  23:quantum/process_keycode/process_leader.c ****       leader_sequence_size = 0;
  24:quantum/process_keycode/process_leader.c ****       leader_sequence[0] = 0;
  25:quantum/process_keycode/process_leader.c ****       leader_sequence[1] = 0;
  26:quantum/process_keycode/process_leader.c ****       leader_sequence[2] = 0;
  27:quantum/process_keycode/process_leader.c ****       leader_sequence[3] = 0;
  28:quantum/process_keycode/process_leader.c ****       leader_sequence[4] = 0;
  29:quantum/process_keycode/process_leader.c ****       return false;
  30:quantum/process_keycode/process_leader.c ****     }
  31:quantum/process_keycode/process_leader.c ****     if (leading && timer_elapsed(leader_time) < LEADER_TIMEOUT) {
  32:quantum/process_keycode/process_leader.c ****       leader_sequence[leader_sequence_size] = keycode;
  33:quantum/process_keycode/process_leader.c ****       leader_sequence_size++;
  34:quantum/process_keycode/process_leader.c ****       return false;
  35:quantum/process_keycode/process_leader.c ****     }
  36:quantum/process_keycode/process_leader.c ****   }
  37:quantum/process_keycode/process_leader.c ****   return true;
  78               		.loc 1 37 0
  79 0010 C1E0      		ldi r28,lo8(1)
  80               	.L3:
  38:quantum/process_keycode/process_leader.c **** }...
  81               		.loc 1 38 0
  82 0012 8C2F      		mov r24,r28
  83               	/* epilogue start */
  84 0014 CF91      		pop r28
  85 0016 1F91      		pop r17
  86 0018 0F91      		pop r16
  87               	.LVL3:
  88 001a 0895      		ret
  89               	.LVL4:
  90               	.L4:
  19:quantum/process_keycode/process_leader.c ****     if (!leading && keycode == KC_LEAD) {
  91               		.loc 1 19 0
  92 001c C091 0000 		lds r28,leading
  93 0020 C111      		cpse r28,__zero_reg__
  94 0022 00C0      		rjmp .L6
  19:quantum/process_keycode/process_leader.c ****     if (!leading && keycode == KC_LEAD) {
  95               		.loc 1 19 0 is_stmt 0 discriminator 1
  96 0024 0531      		cpi r16,21
  97 0026 1C45      		sbci r17,92
  98 0028 01F4      		brne .L7
  20:quantum/process_keycode/process_leader.c ****       leader_start();
  99               		.loc 1 20 0 is_stmt 1
 100 002a 0E94 0000 		call leader_start
 101               	.LVL5:
  21:quantum/process_keycode/process_leader.c ****       leading = true;
 102               		.loc 1 21 0
 103 002e 81E0      		ldi r24,lo8(1)
 104 0030 8093 0000 		sts leading,r24
  22:quantum/process_keycode/process_leader.c ****       leader_time = timer_read();
 105               		.loc 1 22 0
 106 0034 0E94 0000 		call timer_read
 107               	.LVL6:
 108 0038 9093 0000 		sts leader_time+1,r25
 109 003c 8093 0000 		sts leader_time,r24
  23:quantum/process_keycode/process_leader.c ****       leader_sequence_size = 0;
 110               		.loc 1 23 0
 111 0040 1092 0000 		sts leader_sequence_size,__zero_reg__
  24:quantum/process_keycode/process_leader.c ****       leader_sequence[0] = 0;
 112               		.loc 1 24 0
 113 0044 1092 0000 		sts leader_sequence+1,__zero_reg__
 114 0048 1092 0000 		sts leader_sequence,__zero_reg__
  25:quantum/process_keycode/process_leader.c ****       leader_sequence[1] = 0;
 115               		.loc 1 25 0
 116 004c 1092 0000 		sts leader_sequence+2+1,__zero_reg__
 117 0050 1092 0000 		sts leader_sequence+2,__zero_reg__
  26:quantum/process_keycode/process_leader.c ****       leader_sequence[2] = 0;
 118               		.loc 1 26 0
 119 0054 1092 0000 		sts leader_sequence+4+1,__zero_reg__
 120 0058 1092 0000 		sts leader_sequence+4,__zero_reg__
  27:quantum/process_keycode/process_leader.c ****       leader_sequence[3] = 0;
 121               		.loc 1 27 0
 122 005c 1092 0000 		sts leader_sequence+6+1,__zero_reg__
 123 0060 1092 0000 		sts leader_sequence+6,__zero_reg__
  28:quantum/process_keycode/process_leader.c ****       leader_sequence[4] = 0;
 124               		.loc 1 28 0
 125 0064 1092 0000 		sts leader_sequence+8+1,__zero_reg__
 126 0068 1092 0000 		sts leader_sequence+8,__zero_reg__
  29:quantum/process_keycode/process_leader.c ****       return false;
 127               		.loc 1 29 0
 128 006c 00C0      		rjmp .L3
 129               	.LVL7:
 130               	.L6:
  31:quantum/process_keycode/process_leader.c ****     if (leading && timer_elapsed(leader_time) < LEADER_TIMEOUT) {
 131               		.loc 1 31 0 discriminator 1
 132 006e 8091 0000 		lds r24,leader_time
 133 0072 9091 0000 		lds r25,leader_time+1
 134 0076 0E94 0000 		call timer_elapsed
 135               	.LVL8:
 136 007a 883C      		cpi r24,-56
 137 007c 9105      		cpc r25,__zero_reg__
 138 007e 00F4      		brsh .L7
  32:quantum/process_keycode/process_leader.c ****       leader_sequence[leader_sequence_size] = keycode;
 139               		.loc 1 32 0
 140 0080 8091 0000 		lds r24,leader_sequence_size
 141 0084 E82F      		mov r30,r24
 142 0086 F0E0      		ldi r31,0
 143 0088 EE0F      		lsl r30
 144 008a FF1F      		rol r31
 145 008c E050      		subi r30,lo8(-(leader_sequence))
 146 008e F040      		sbci r31,hi8(-(leader_sequence))
 147 0090 1183      		std Z+1,r17
 148 0092 0083      		st Z,r16
  33:quantum/process_keycode/process_leader.c ****       leader_sequence_size++;
 149               		.loc 1 33 0
 150 0094 8F5F      		subi r24,lo8(-(1))
 151 0096 8093 0000 		sts leader_sequence_size,r24
  34:quantum/process_keycode/process_leader.c ****       return false;
 152               		.loc 1 34 0
 153 009a C0E0      		ldi r28,0
 154 009c 00C0      		rjmp .L3
 155               		.cfi_endproc
 156               	.LFE109:
 158               	.global	leader_sequence_size
 159               		.section	.bss.leader_sequence_size,"aw",@nobits
 162               	leader_sequence_size:
 163 0000 00        		.zero	1
 164               	.global	leader_sequence
 165               		.section	.bss.leader_sequence,"aw",@nobits
 168               	leader_sequence:
 169 0000 0000 0000 		.zero	10
 169      0000 0000 
 169      0000 
 170               	.global	leader_time
 171               		.section	.bss.leader_time,"aw",@nobits
 174               	leader_time:
 175 0000 0000      		.zero	2
 176               	.global	leading
 177               		.section	.bss.leading,"aw",@nobits
 180               	leading:
 181 0000 00        		.zero	1
 182               		.text
 183               	.Letext0:
 184               		.file 2 "/usr/avr/include/stdint.h"
 185               		.file 3 "/usr/lib/gcc/avr/7.1.0/include/stddef.h"
 186               		.file 4 "./tmk_core/common/keyboard.h"
 187               		.file 5 "./tmk_core/common/action.h"
 188               		.file 6 "./tmk_core/protocol/lufa/LUFA-git/LUFA/Drivers/USB/Core/AVR8/../StdRequestType.h"
 189               		.file 7 "./tmk_core/protocol/lufa/LUFA-git/LUFA/Drivers/USB/Core/AVR8/../DeviceStandardReq.h"
 190               		.file 8 "./tmk_core/protocol/lufa/LUFA-git/LUFA/Drivers/USB/Core/USBTask.h"
 191               		.file 9 "./tmk_core/protocol/lufa/LUFA-git/LUFA/Drivers/USB/Core/HostStandardReq.h"
 192               		.file 10 "/usr/avr/include/stdio.h"
 193               		.file 11 "./tmk_core/common/report.h"
 194               		.file 12 "./tmk_core/common/host.h"
 195               		.file 13 "./tmk_core/common/debug.h"
 196               		.file 14 "./quantum/keycode_config.h"
 197               		.file 15 "./quantum/keymap.h"
 198               		.file 16 "./tmk_core/common/action_layer.h"
 199               		.file 17 "./tmk_core/common/timer.h"
 200               		.file 18 "./tmk_core/common/action_util.h"
 201               		.file 19 "/usr/avr/include/stdlib.h"
 202               		.file 20 "./quantum/quantum_keycodes.h"
 203               		.file 21 "./quantum/process_keycode/process_unicode_common.h"
DEFINED SYMBOLS
                            *ABS*:0000000000000000 process_leader.c
     /tmp/ccopPW3U.s:2      *ABS*:000000000000003e __SP_H__
     /tmp/ccopPW3U.s:3      *ABS*:000000000000003d __SP_L__
     /tmp/ccopPW3U.s:4      *ABS*:000000000000003f __SREG__
     /tmp/ccopPW3U.s:5      *ABS*:0000000000000000 __tmp_reg__
     /tmp/ccopPW3U.s:6      *ABS*:0000000000000001 __zero_reg__
     /tmp/ccopPW3U.s:13     .text.leader_start:0000000000000000 leader_start
     /tmp/ccopPW3U.s:13     .text.leader_start:0000000000000000 leader_start.localalias.0
     /tmp/ccopPW3U.s:32     .text.leader_end:0000000000000000 leader_end
     /tmp/ccopPW3U.s:47     .text.process_leader:0000000000000000 process_leader
     /tmp/ccopPW3U.s:180    .bss.leading:0000000000000000 leading
     /tmp/ccopPW3U.s:174    .bss.leader_time:0000000000000000 leader_time
     /tmp/ccopPW3U.s:162    .bss.leader_sequence_size:0000000000000000 leader_sequence_size
     /tmp/ccopPW3U.s:168    .bss.leader_sequence:0000000000000000 leader_sequence

UNDEFINED SYMBOLS
timer_read
timer_elapsed
__do_clear_bss
