   1               		.file	"process_unicode.c"
   2               	__SP_H__ = 0x3e
   3               	__SP_L__ = 0x3d
   4               	__SREG__ = 0x3f
   5               	__tmp_reg__ = 0
   6               	__zero_reg__ = 1
   7               		.text
   8               	.Ltext0:
   9               		.cfi_sections	.debug_frame
  10               		.section	.text.process_unicode,"ax",@progbits
  11               	.global	process_unicode
  13               	process_unicode:
  14               	.LFB107:
  15               		.file 1 "quantum/process_keycode/process_unicode.c"
   1:quantum/process_keycode/process_unicode.c **** #include "process_unicode.h"
   2:quantum/process_keycode/process_unicode.c **** #include "action_util.h"
   3:quantum/process_keycode/process_unicode.c **** 
   4:quantum/process_keycode/process_unicode.c **** bool process_unicode(uint16_t keycode, keyrecord_t *record) {
  16               		.loc 1 4 0
  17               		.cfi_startproc
  18               	.LVL0:
  19 0000 CF93      		push r28
  20               	.LCFI0:
  21               		.cfi_def_cfa_offset 3
  22               		.cfi_offset 28, -2
  23 0002 DF93      		push r29
  24               	.LCFI1:
  25               		.cfi_def_cfa_offset 4
  26               		.cfi_offset 29, -3
  27               	/* prologue: function */
  28               	/* frame size = 0 */
  29               	/* stack size = 2 */
  30               	.L__stack_usage = 2
  31 0004 EC01      		movw r28,r24
   5:quantum/process_keycode/process_unicode.c ****   if (keycode > QK_UNICODE && record->event.pressed) {
  32               		.loc 1 5 0
  33 0006 C130      		cpi r28,1
  34 0008 80E8      		ldi r24,-128
  35 000a D807      		cpc r29,r24
  36               	.LVL1:
  37 000c 00F0      		brlo .L2
  38               		.loc 1 5 0 is_stmt 0 discriminator 1
  39 000e FB01      		movw r30,r22
  40 0010 8281      		ldd r24,Z+2
  41 0012 8823      		tst r24
  42 0014 01F0      		breq .L2
  43               	.LVL2:
  44               	.LBB2:
   6:quantum/process_keycode/process_unicode.c ****     uint16_t unicode = keycode & 0x7FFF;
   7:quantum/process_keycode/process_unicode.c ****     unicode_input_start();
  45               		.loc 1 7 0 is_stmt 1
  46 0016 0E94 0000 		call unicode_input_start
  47               	.LVL3:
   8:quantum/process_keycode/process_unicode.c ****     register_hex(unicode);
  48               		.loc 1 8 0
  49 001a CE01      		movw r24,r28
  50 001c 9F77      		andi r25,127
  51               	.LVL4:
  52 001e 0E94 0000 		call register_hex
  53               	.LVL5:
   9:quantum/process_keycode/process_unicode.c ****     unicode_input_finish();
  54               		.loc 1 9 0
  55 0022 0E94 0000 		call unicode_input_finish
  56               	.LVL6:
  57               	.L2:
  58               	.LBE2:
  10:quantum/process_keycode/process_unicode.c ****   }
  11:quantum/process_keycode/process_unicode.c ****   return true;
  12:quantum/process_keycode/process_unicode.c **** }
  59               		.loc 1 12 0
  60 0026 81E0      		ldi r24,lo8(1)
  61               	/* epilogue start */
  62 0028 DF91      		pop r29
  63 002a CF91      		pop r28
  64               	.LVL7:
  65 002c 0895      		ret
  66               		.cfi_endproc
  67               	.LFE107:
  69               		.text
  70               	.Letext0:
  71               		.file 2 "/usr/avr/include/stdint.h"
  72               		.file 3 "/usr/lib/gcc/avr/6.3.0/include/stddef.h"
  73               		.file 4 "./tmk_core/common/keyboard.h"
  74               		.file 5 "./tmk_core/common/action.h"
  75               		.file 6 "./tmk_core/protocol/lufa/LUFA-git/LUFA/Drivers/USB/Core/AVR8/../StdRequestType.h"
  76               		.file 7 "./tmk_core/protocol/lufa/LUFA-git/LUFA/Drivers/USB/Core/AVR8/../DeviceStandardReq.h"
  77               		.file 8 "./tmk_core/protocol/lufa/LUFA-git/LUFA/Drivers/USB/Core/USBTask.h"
  78               		.file 9 "./tmk_core/protocol/lufa/LUFA-git/LUFA/Drivers/USB/Core/HostStandardReq.h"
  79               		.file 10 "/usr/avr/include/stdio.h"
  80               		.file 11 "./tmk_core/common/report.h"
  81               		.file 12 "./tmk_core/common/host.h"
  82               		.file 13 "./tmk_core/common/debug.h"
  83               		.file 14 "./quantum/keycode_config.h"
  84               		.file 15 "./quantum/keymap.h"
  85               		.file 16 "./tmk_core/common/action_layer.h"
  86               		.file 17 "./tmk_core/common/timer.h"
  87               		.file 18 "./tmk_core/common/action_util.h"
  88               		.file 19 "/usr/avr/include/stdlib.h"
  89               		.file 20 "quantum/process_keycode/process_unicode_common.h"
  90               		.file 21 "./quantum/quantum_keycodes.h"
DEFINED SYMBOLS
                            *ABS*:0000000000000000 process_unicode.c
     /tmp/ccU2ag2U.s:2      *ABS*:000000000000003e __SP_H__
     /tmp/ccU2ag2U.s:3      *ABS*:000000000000003d __SP_L__
     /tmp/ccU2ag2U.s:4      *ABS*:000000000000003f __SREG__
     /tmp/ccU2ag2U.s:5      *ABS*:0000000000000000 __tmp_reg__
     /tmp/ccU2ag2U.s:6      *ABS*:0000000000000001 __zero_reg__
     /tmp/ccU2ag2U.s:13     .text.process_unicode:0000000000000000 process_unicode

UNDEFINED SYMBOLS
unicode_input_start
register_hex
unicode_input_finish
