Archive member included to satisfy reference by file (symbol)

/usr/lib/gcc/avr/7.1.0/../../../../avr/lib/avr5/libm.a(fixsfsi.o)
                              .build/obj_split70_ez_split70_galen/common/mousekey.o (__fixsfsi)
/usr/lib/gcc/avr/7.1.0/../../../../avr/lib/avr5/libm.a(fixunssfsi.o)
                              /usr/lib/gcc/avr/7.1.0/../../../../avr/lib/avr5/libm.a(fixsfsi.o) (__fixunssfsi)
/usr/lib/gcc/avr/7.1.0/../../../../avr/lib/avr5/libm.a(floatsisf.o)
                              .build/obj_split70_ez_split70_galen/common/mousekey.o (__floatsisf)
/usr/lib/gcc/avr/7.1.0/../../../../avr/lib/avr5/libm.a(fp_split3.o)
                              /usr/lib/gcc/avr/7.1.0/../../../../avr/lib/avr5/libm.a(fixunssfsi.o) (__fp_splitA)
/usr/lib/gcc/avr/7.1.0/../../../../avr/lib/avr5/libm.a(fp_zero.o)
                              /usr/lib/gcc/avr/7.1.0/../../../../avr/lib/avr5/libm.a(fixunssfsi.o) (__fp_zero)
/usr/lib/gcc/avr/7.1.0/../../../../avr/lib/avr5/libm.a(mulsf3.o)
                              .build/obj_split70_ez_split70_galen/common/mousekey.o (__mulsf3)
/usr/lib/gcc/avr/7.1.0/../../../../avr/lib/avr5/libm.a(mulsf3x.o)
                              /usr/lib/gcc/avr/7.1.0/../../../../avr/lib/avr5/libm.a(mulsf3.o) (__mulsf3x)
/usr/lib/gcc/avr/7.1.0/../../../../avr/lib/avr5/libm.a(fp_inf.o)
                              /usr/lib/gcc/avr/7.1.0/../../../../avr/lib/avr5/libm.a(mulsf3x.o) (__fp_inf)
/usr/lib/gcc/avr/7.1.0/../../../../avr/lib/avr5/libm.a(fp_nan.o)
                              /usr/lib/gcc/avr/7.1.0/../../../../avr/lib/avr5/libm.a(mulsf3x.o) (__fp_nan)
/usr/lib/gcc/avr/7.1.0/../../../../avr/lib/avr5/libm.a(fp_pscA.o)
                              /usr/lib/gcc/avr/7.1.0/../../../../avr/lib/avr5/libm.a(mulsf3x.o) (__fp_pscA)
/usr/lib/gcc/avr/7.1.0/../../../../avr/lib/avr5/libm.a(fp_pscB.o)
                              /usr/lib/gcc/avr/7.1.0/../../../../avr/lib/avr5/libm.a(mulsf3x.o) (__fp_pscB)
/usr/lib/gcc/avr/7.1.0/../../../../avr/lib/avr5/libm.a(fp_round.o)
                              /usr/lib/gcc/avr/7.1.0/../../../../avr/lib/avr5/libm.a(mulsf3.o) (__fp_round)
/usr/lib/gcc/avr/7.1.0/avr5/libgcc.a(_divmodhi4.o)
                              .build/obj_split70_ez_split70_galen/common/mousekey.o (__divmodhi4)
/usr/lib/gcc/avr/7.1.0/avr5/libgcc.a(_exit.o)
                              /usr/lib/gcc/avr/7.1.0/../../../../avr/lib/avr5/crtatmega32u4.o (exit)
/usr/lib/gcc/avr/7.1.0/avr5/libgcc.a(_tablejump2.o)
                              .build/obj_split70_ez_split70_galen/quantum/quantum.o (__tablejump2__)
/usr/lib/gcc/avr/7.1.0/avr5/libgcc.a(_copy_data.o)
                              .build/obj_split70_ez_split70_galen/matrix.o (__do_copy_data)
/usr/lib/gcc/avr/7.1.0/avr5/libgcc.a(_clear_bss.o)
                              .build/obj_split70_ez_split70_galen/matrix.o (__do_clear_bss)
/usr/lib/gcc/avr/7.1.0/avr5/libgcc.a(_udivmodhi4.o)
                              /usr/lib/gcc/avr/7.1.0/avr5/libgcc.a(_divmodhi4.o) (__udivmodhi4)
/usr/lib/gcc/avr/7.1.0/../../../../avr/lib/avr5/libatmega32u4.a(eerd_byte.o)
                              .build/obj_split70_ez_split70_galen/common/eeconfig.o (eeprom_read_byte)
/usr/lib/gcc/avr/7.1.0/../../../../avr/lib/avr5/libatmega32u4.a(eerd_word.o)
                              .build/obj_split70_ez_split70_galen/common/eeconfig.o (eeprom_read_word)
/usr/lib/gcc/avr/7.1.0/../../../../avr/lib/avr5/libatmega32u4.a(eeupd_byte.o)
                              .build/obj_split70_ez_split70_galen/common/eeconfig.o (eeprom_update_byte)
/usr/lib/gcc/avr/7.1.0/../../../../avr/lib/avr5/libatmega32u4.a(eeupd_word.o)
                              .build/obj_split70_ez_split70_galen/common/eeconfig.o (eeprom_update_word)
/usr/lib/gcc/avr/7.1.0/../../../../avr/lib/avr5/libatmega32u4.a(eerd_block.o)
                              /usr/lib/gcc/avr/7.1.0/../../../../avr/lib/avr5/libatmega32u4.a(eerd_word.o) (eeprom_read_blraw)

Allocating common symbols
Common symbol       size              file

USB_IsInitialized   0x1               .build/obj_split70_ez_split70_galen/protocol/lufa/LUFA-git/LUFA/Drivers/USB/Core/USBTask.o
keymap_config       0x2               .build/obj_split70_ez_split70_galen/common/magic.o
USB_DeviceState     0x1               .build/obj_split70_ez_split70_galen/protocol/lufa/LUFA-git/LUFA/Drivers/USB/Core/USBTask.o
USB_Device_ConfigurationNumber
                    0x1               .build/obj_split70_ez_split70_galen/protocol/lufa/LUFA-git/LUFA/Drivers/USB/Core/DeviceStandardReq.o
USB_Device_CurrentlySelfPowered
                    0x1               .build/obj_split70_ez_split70_galen/protocol/lufa/LUFA-git/LUFA/Drivers/USB/Core/DeviceStandardReq.o
USB_ControlRequest  0x8               .build/obj_split70_ez_split70_galen/protocol/lufa/LUFA-git/LUFA/Drivers/USB/Core/USBTask.o
USB_Device_RemoteWakeupEnabled
[...]
Memory Configuration

Name             Origin             Length             Attributes
text             0x0000000000000000 0x0000000000020000 xr
data             0x0000000000800060 0x000000000000ffa0 rw !x
eeprom           0x0000000000810000 0x0000000000010000 rw !x
fuse             0x0000000000820000 0x0000000000000400 rw !x
lock             0x0000000000830000 0x0000000000000400 rw !x
signature        0x0000000000840000 0x0000000000000400 rw !x
user_signatures  0x0000000000850000 0x0000000000000400 rw !x
*default*        0x0000000000000000 0xffffffffffffffff

Linker script and memory map

Address of section .data set to 0x800100
LOAD /usr/lib/gcc/avr/7.1.0/../../../../avr/lib/avr5/crtatmega32u4.o
LOAD .build/obj_split70_ez_split70_galen/twimaster.o
LOAD .build/obj_split70_ez_split70_galen/matrix.o
LOAD .build/obj_split70_ez_split70_galen/keyboards/split70/split70.o
LOAD .build/obj_split70_ez_split70_galen/keyboards/split70/keymaps/split70_galen/keymap.o
LOAD .build/obj_split70_ez_split70_galen/quantum/quantum.o
LOAD .build/obj_split70_ez_split70_galen/quantum/keymap_common.o
LOAD .build/obj_split70_ez_split70_galen/quantum/keycode_config.o
LOAD .build/obj_split70_ez_split70_galen/quantum/process_keycode/process_leader.o
LOAD .build/obj_split70_ez_split70_galen/keyboards/split70/ez/ez.o
LOAD .build/obj_split70_ez_split70_galen/quantum/process_keycode/process_unicode_common.o
LOAD .build/obj_split70_ez_split70_galen/quantum/process_keycode/process_unicode.o
LOAD .build/obj_split70_ez_split70_galen/common/host.o
LOAD .build/obj_split70_ez_split70_galen/common/keyboard.o
LOAD .build/obj_split70_ez_split70_galen/common/action.o
LOAD .build/obj_split70_ez_split70_galen/common/action_tapping.o
LOAD .build/obj_split70_ez_split70_galen/common/action_macro.o
LOAD .build/obj_split70_ez_split70_galen/common/action_layer.o
LOAD .build/obj_split70_ez_split70_galen/common/action_util.o
LOAD .build/obj_split70_ez_split70_galen/common/print.o
LOAD .build/obj_split70_ez_split70_galen/common/debug.o
LOAD .build/obj_split70_ez_split70_galen/common/util.o
LOAD .build/obj_split70_ez_split70_galen/common/eeconfig.o
LOAD .build/obj_split70_ez_split70_galen/common/avr/suspend.o
LOAD .build/obj_split70_ez_split70_galen/common/avr/timer.o
LOAD .build/obj_split70_ez_split70_galen/common/avr/bootloader.o
LOAD .build/obj_split70_ez_split70_galen/common/avr/xprintf.o
LOAD .build/obj_split70_ez_split70_galen/common/magic.o
LOAD .build/obj_split70_ez_split70_galen/common/mousekey.o
LOAD .build/obj_split70_ez_split70_galen/common/command.o
LOAD .build/obj_split70_ez_split70_galen/lufa.o
LOAD .build/obj_split70_ez_split70_galen/descriptor.o
LOAD .build/obj_split70_ez_split70_galen/outputselect.o
LOAD .build/obj_split70_ez_split70_galen/protocol/lufa/LUFA-git/LUFA/Drivers/USB/Class/Common/HIDParser.o
LOAD .build/obj_split70_ez_split70_galen/protocol/lufa/LUFA-git/LUFA/Drivers/USB/Core/AVR8/Device_AVR8.o
LOAD .build/obj_split70_ez_split70_galen/protocol/lufa/LUFA-git/LUFA/Drivers/USB/Core/AVR8/EndpointStream_AVR8.o
LOAD .build/obj_split70_ez_split70_galen/protocol/lufa/LUFA-git/LUFA/Drivers/USB/Core/AVR8/Endpoint_AVR8.o
LOAD .build/obj_split70_ez_split70_galen/protocol/lufa/LUFA-git/LUFA/Drivers/USB/Core/AVR8/Host_AVR8.o
LOAD .build/obj_split70_ez_split70_galen/protocol/lufa/LUFA-git/LUFA/Drivers/USB/Core/AVR8/PipeStream_AVR8.o
LOAD .build/obj_split70_ez_split70_galen/protocol/lufa/LUFA-git/LUFA/Drivers/USB/Core/AVR8/Pipe_AVR8.o
LOAD .build/obj_split70_ez_split70_galen/protocol/lufa/LUFA-git/LUFA/Drivers/USB/Core/AVR8/USBController_AVR8.o
LOAD .build/obj_split70_ez_split70_galen/protocol/lufa/LUFA-git/LUFA/Drivers/USB/Core/AVR8/USBInterrupt_AVR8.o
LOAD .build/obj_split70_ez_split70_galen/protocol/lufa/LUFA-git/LUFA/Drivers/USB/Core/ConfigDescriptors.o
LOAD .build/obj_split70_ez_split70_galen/protocol/lufa/LUFA-git/LUFA/Drivers/USB/Core/DeviceStandardReq.o
LOAD .build/obj_split70_ez_split70_galen/protocol/lufa/LUFA-git/LUFA/Drivers/USB/Core/Events.o
LOAD .build/obj_split70_ez_split70_galen/protocol/lufa/LUFA-git/LUFA/Drivers/USB/Core/HostStandardReq.o
LOAD .build/obj_split70_ez_split70_galen/protocol/lufa/LUFA-git/LUFA/Drivers/USB/Core/USBTask.o
LOAD /usr/lib/gcc/avr/7.1.0/../../../../avr/lib/avr5/libm.a
START GROUP
LOAD /usr/lib/gcc/avr/7.1.0/avr5/libgcc.a
LOAD /usr/lib/gcc/avr/7.1.0/../../../../avr/lib/avr5/libm.a
LOAD /usr/lib/gcc/avr/7.1.0/../../../../avr/lib/avr5/libc.a
LOAD /usr/lib/gcc/avr/7.1.0/../../../../avr/lib/avr5/libatmega32u4.a
END GROUP
                0x0000000000020000                __TEXT_REGION_LENGTH__ = DEFINED (__TEXT_REGION_LENGTH__)?__TEXT_REGION_LENGTH__:0x20000
                0x000000000000ffa0                __DATA_REGION_LENGTH__ = DEFINED (__DATA_REGION_LENGTH__)?__DATA_REGION_LENGTH__:0xffa0
                0x0000000000010000                __EEPROM_REGION_LENGTH__ = DEFINED (__EEPROM_REGION_LENGTH__)?__EEPROM_REGION_LENGTH__:0x10000
                0x0000000000000400                __FUSE_REGION_LENGTH__ = DEFINED (__FUSE_REGION_LENGTH__)?__FUSE_REGION_LENGTH__:0x400
                0x0000000000000400                __LOCK_REGION_LENGTH__ = DEFINED (__LOCK_REGION_LENGTH__)?__LOCK_REGION_LENGTH__:0x400
                0x0000000000000400                __SIGNATURE_REGION_LENGTH__ = DEFINED (__SIGNATURE_REGION_LENGTH__)?__SIGNATURE_REGION_LENGTH__:0x400
                0x0000000000000400                __USER_SIGNATURE_REGION_LENGTH__ = DEFINED (__USER_SIGNATURE_REGION_LENGTH__)?__USER_SIGNATURE_REGION_LENGTH__:0x400

.hash
 *(.hash)

.dynsym
 *(.dynsym)

.dynstr
 *(.dynstr)

.gnu.version
 *(.gnu.version)

.gnu.version_d
 *(.gnu.version_d)

.gnu.version_r
 *(.gnu.version_r)

.rel.init
 *(.rel.init)

.rela.init
 *(.rela.init)

.rel.text
 *(.rel.text)
 *(.rel.text.*)
 *(.rel.gnu.linkonce.t*)

.rela.text
 *(.rela.text)
 *(.rela.text.*)
 *(.rela.gnu.linkonce.t*)

.rel.fini
 *(.rel.fini)

.rela.fini
 *(.rela.fini)

.rel.rodata
 *(.rel.rodata)
 *(.rel.rodata.*)
 *(.rel.gnu.linkonce.r*)

.rela.rodata
 *(.rela.rodata)
 *(.rela.rodata.*)
 *(.rela.gnu.linkonce.r*)

.rel.data
 *(.rel.data)
 *(.rel.data.*)
 *(.rel.gnu.linkonce.d*)

.rela.data
 *(.rela.data)
 *(.rela.data.*)
 *(.rela.gnu.linkonce.d*)

.rel.ctors
 *(.rel.ctors)

.rela.ctors
 *(.rela.ctors)

.rel.dtors
 *(.rel.dtors)

.rela.dtors
 *(.rela.dtors)

.rel.got
 *(.rel.got)

.rela.got
 *(.rela.got)

.rel.bss
 *(.rel.bss)

.rela.bss
 *(.rela.bss)

.rel.plt
 *(.rel.plt)

.rela.plt
 *(.rela.plt)

.text           0x0000000000000000     0x4582
 *(.vectors)
 .vectors       0x0000000000000000       0xac /usr/lib/gcc/avr/7.1.0/../../../../avr/lib/avr5/crtatmega32u4.o
                0x0000000000000000                __vectors
                0x0000000000000000                __vector_default
 *(.vectors)
 *(.progmem.gcc*)
                0x00000000000000ac                . = ALIGN (0x2)
                0x00000000000000ac                __trampolines_start = .
 *(.trampolines)
 .trampolines   0x00000000000000ac        0x0 linker stubs
 *(.trampolines*)
                0x00000000000000ac                __trampolines_end = .
 *libprintf_flt.a:*(.progmem.data)
 *libc.a:*(.progmem.data)
 *(.progmem*)
 .progmem.data.__c.5238
                0x00000000000000ac       0x25 .build/obj_split70_ez_split70_galen/keyboards/split70/keymaps/split70_galen/keymap.o
 .progmem.data.fn_actions
                0x00000000000000d1        0x4 .build/obj_split70_ez_split70_galen/keyboards/split70/keymaps/split70_galen/keymap.o
                0x00000000000000d1                fn_actions
 .progmem.data.keymaps
                0x00000000000000d5      0x120 .build/obj_split70_ez_split70_galen/keyboards/split70/keymaps/split70_galen/keymap.o
                0x00000000000000d5                keymaps
 .progmem.data.ascii_to_qwerty_keycode_lut
                0x00000000000001f5       0x80 .build/obj_split70_ez_split70_galen/quantum/quantum.o
                0x00000000000001f5                ascii_to_qwerty_keycode_lut
 .progmem.data.ascii_to_qwerty_shift_lut
                0x0000000000000275       0x80 .build/obj_split70_ez_split70_galen/quantum/quantum.o
                0x0000000000000275                ascii_to_qwerty_shift_lut
 .progmem.data.ProductString
                0x00000000000002f5       0x12 .build/obj_split70_ez_split70_galen/descriptor.o
                0x00000000000002f5                ProductString
 .progmem.data.ManufacturerString
                0x0000000000000307        0xc .build/obj_split70_ez_split70_galen/descriptor.o
                0x0000000000000307                ManufacturerString
 .progmem.data.LanguageString
                0x0000000000000313        0x4 .build/obj_split70_ez_split70_galen/descriptor.o
                0x0000000000000313                LanguageString
 .progmem.data.ConfigurationDescriptor
                0x0000000000000317       0x6d .build/obj_split70_ez_split70_galen/descriptor.o
                0x0000000000000317                ConfigurationDescriptor
 .progmem.data.DeviceDescriptor
                0x0000000000000384       0x12 .build/obj_split70_ez_split70_galen/descriptor.o
                0x0000000000000384                DeviceDescriptor
 .progmem.data.NKROReport
                0x0000000000000396       0x39 .build/obj_split70_ez_split70_galen/descriptor.o
                0x0000000000000396                NKROReport
 .progmem.data.ExtrakeyReport
                0x00000000000003cf       0x36 .build/obj_split70_ez_split70_galen/descriptor.o
                0x00000000000003cf                ExtrakeyReport
 .progmem.data.MouseReport
                0x0000000000000405       0x4d .build/obj_split70_ez_split70_galen/descriptor.o
                0x0000000000000405                MouseReport
 .progmem.data.KeyboardReport
                0x0000000000000452       0x40 .build/obj_split70_ez_split70_galen/descriptor.o
                0x0000000000000452                KeyboardReport
                0x0000000000000492                . = ALIGN (0x2)
 *(.jumptables)
 *(.jumptables*)
 *(.lowtext)
 *(.lowtext*)
                0x0000000000000492                __ctors_start = .
 *(.ctors)
                0x0000000000000492                __ctors_end = .
                0x0000000000000492                __dtors_start = .
 *(.dtors)
                0x0000000000000492                __dtors_end = .
 SORT(*)(.ctors)
 SORT(*)(.dtors)
 *(.init0)
 .init0         0x0000000000000492        0x0 /usr/lib/gcc/avr/7.1.0/../../../../avr/lib/avr5/crtatmega32u4.o
                0x0000000000000492                __init
 *(.init0)
 *(.init1)
 *(.init1)
 *(.init2)
 .init2         0x0000000000000492        0xc /usr/lib/gcc/avr/7.1.0/../../../../avr/lib/avr5/crtatmega32u4.o
 *(.init2)
 *(.init3)
 .init3         0x000000000000049e       0x54 .build/obj_split70_ez_split70_galen/common/avr/bootloader.o
                0x000000000000049e                bootloader_jump_after_watchdog_reset
 *(.init3)
 *(.init4)
 .init4         0x00000000000004f2       0x16 /usr/lib/gcc/avr/7.1.0/avr5/libgcc.a(_copy_data.o)
                0x00000000000004f2                __do_copy_data
 .init4         0x0000000000000508       0x10 /usr/lib/gcc/avr/7.1.0/avr5/libgcc.a(_clear_bss.o)
                0x0000000000000508                __do_clear_bss
 *(.init4)
 *(.init5)
 *(.init5)
 *(.init6)
 *(.init6)
 *(.init7)
 *(.init7)
 *(.init8)
 *(.init8)
 *(.init9)
 .init9         0x0000000000000518        0x8 /usr/lib/gcc/avr/7.1.0/../../../../avr/lib/avr5/crtatmega32u4.o
 *(.init9)
 *(.text)
 .text          0x0000000000000520        0x4 /usr/lib/gcc/avr/7.1.0/../../../../avr/lib/avr5/crtatmega32u4.o
                0x0000000000000520                __vector_38
                0x0000000000000520                __vector_22
                0x0000000000000520                __vector_28
                0x0000000000000520                __vector_1
                0x0000000000000520                __vector_32
                0x0000000000000520                __vector_34
                0x0000000000000520                __vector_24
                0x0000000000000520                __bad_interrupt
                0x0000000000000520                __vector_6
                0x0000000000000520                __vector_31
                0x0000000000000520                __vector_35
                0x0000000000000520                __vector_39
                0x0000000000000520                __vector_3
                0x0000000000000520                __vector_23
                0x0000000000000520                __vector_30
                0x0000000000000520                __vector_25
                0x0000000000000520                __vector_13
                0x0000000000000520                __vector_17
                0x0000000000000520                __vector_19
                0x0000000000000520                __vector_7
                0x0000000000000520                __vector_41
                0x0000000000000520                __vector_27
                0x0000000000000520                __vector_5
                0x0000000000000520                __vector_33
                0x0000000000000520                __vector_37
                0x0000000000000520                __vector_4
                0x0000000000000520                __vector_9
                0x0000000000000520                __vector_2
                0x0000000000000520                __vector_15
                0x0000000000000520                __vector_36
                0x0000000000000520                __vector_29
                0x0000000000000520                __vector_40
                0x0000000000000520                __vector_8
                0x0000000000000520                __vector_26
                0x0000000000000520                __vector_14
                0x0000000000000520                __vector_16
                0x0000000000000520                __vector_18
                0x0000000000000520                __vector_20
                0x0000000000000520                __vector_42
                0x0000000000000524                . = ALIGN (0x2)
 *(.text.*)
 .text.i2c_init
                0x0000000000000524        0xc .build/obj_split70_ez_split70_galen/twimaster.o
                0x0000000000000524                i2c_init
 .text.i2c_start
                0x0000000000000530       0x44 .build/obj_split70_ez_split70_galen/twimaster.o
                0x0000000000000530                i2c_start
 .text.i2c_stop
                0x0000000000000574       0x10 .build/obj_split70_ez_split70_galen/twimaster.o
                0x0000000000000574                i2c_stop
 .text.i2c_write
                0x0000000000000584       0x22 .build/obj_split70_ez_split70_galen/twimaster.o
                0x0000000000000584                i2c_write
 .text.i2c_readNak
                0x00000000000005a6       0x14 .build/obj_split70_ez_split70_galen/twimaster.o
                0x00000000000005a6                i2c_readNak
 .text.init_cols
                0x00000000000005ba        0xe .build/obj_split70_ez_split70_galen/matrix.o
 .text.unselect_rows
                0x00000000000005c8       0x4c .build/obj_split70_ez_split70_galen/matrix.o
 .text.matrix_scan_kb
                0x0000000000000614        0x4 .build/obj_split70_ez_split70_galen/matrix.o
                0x0000000000000614                matrix_scan_kb
 .text.matrix_init
                0x0000000000000618       0x28 .build/obj_split70_ez_split70_galen/matrix.o
                0x0000000000000618                matrix_init
 .text.matrix_power_up
                0x0000000000000640       0x26 .build/obj_split70_ez_split70_galen/matrix.o
                0x0000000000000640                matrix_power_up
 .text.matrix_scan
                0x0000000000000666      0x1ce .build/obj_split70_ez_split70_galen/matrix.o
                0x0000000000000666                matrix_scan
 .text.matrix_get_row
                0x0000000000000834        0xc .build/obj_split70_ez_split70_galen/matrix.o
                0x0000000000000834                matrix_get_row
 .text.matrix_print
                0x0000000000000840        0x2 .build/obj_split70_ez_split70_galen/matrix.o
                0x0000000000000840                matrix_print
 .text.action_get_macro
                0x0000000000000842       0x2e .build/obj_split70_ez_split70_galen/keyboards/split70/keymaps/split70_galen/keymap.o
                0x0000000000000842                action_get_macro
 .text.matrix_init_user
                0x0000000000000870        0x2 .build/obj_split70_ez_split70_galen/keyboards/split70/keymaps/split70_galen/keymap.o
                0x0000000000000870                matrix_init_user
 .text.matrix_scan_user
                0x0000000000000872        0x2 .build/obj_split70_ez_split70_galen/keyboards/split70/keymaps/split70_galen/keymap.o
                0x0000000000000872                matrix_scan_user
 .text.process_action_kb
                0x0000000000000874        0x4 .build/obj_split70_ez_split70_galen/quantum/quantum.o
                0x0000000000000874                process_action_kb
 .text.process_record_user
                0x0000000000000878        0x4 .build/obj_split70_ez_split70_galen/quantum/quantum.o
                0x0000000000000878                process_record_user
 .text.process_record_kb
                0x000000000000087c        0x4 .build/obj_split70_ez_split70_galen/quantum/quantum.o
                0x000000000000087c                process_record_kb
 .text.reset_keyboard
                0x0000000000000880       0x1a .build/obj_split70_ez_split70_galen/quantum/quantum.o
                0x0000000000000880                reset_keyboard
 .text.process_record_quantum
                0x000000000000089a      0x284 .build/obj_split70_ez_split70_galen/quantum/quantum.o
                0x000000000000089a                process_record_quantum
 .text.send_string
                0x0000000000000b1e       0x56 .build/obj_split70_ez_split70_galen/quantum/quantum.o
                0x0000000000000b1e                send_string
 .text.matrix_init_quantum
                0x0000000000000b74        0x4 .build/obj_split70_ez_split70_galen/quantum/quantum.o
                0x0000000000000b74                matrix_init_quantum
 .text.matrix_scan_quantum
                0x0000000000000b78        0x4 .build/obj_split70_ez_split70_galen/quantum/quantum.o
                0x0000000000000b78                matrix_scan_quantum
 .text.hex_to_keycode
                0x0000000000000b7c       0x18 .build/obj_split70_ez_split70_galen/quantum/quantum.o
                0x0000000000000b7c                hex_to_keycode
 .text.led_set_user
                0x0000000000000b94        0x2 .build/obj_split70_ez_split70_galen/quantum/quantum.o
                0x0000000000000b94                led_set_user
 .text.led_set_kb
                0x0000000000000b96        0x4 .build/obj_split70_ez_split70_galen/quantum/quantum.o
                0x0000000000000b96                led_set_kb
 .text.led_set  0x0000000000000b9a        0x4 .build/obj_split70_ez_split70_galen/quantum/quantum.o
                0x0000000000000b9a                led_set
 .text.action_function
                0x0000000000000b9e        0x2 .build/obj_split70_ez_split70_galen/quantum/keymap_common.o
                0x0000000000000b9e                action_function
 .text.keymap_key_to_keycode
                0x0000000000000ba0       0x28 .build/obj_split70_ez_split70_galen/quantum/keymap_common.o
                0x0000000000000ba0                keymap_key_to_keycode
 .text.keymap_function_id_to_action
                0x0000000000000bc8       0x10 .build/obj_split70_ez_split70_galen/quantum/keymap_common.o
                0x0000000000000bc8                keymap_function_id_to_action
 .text.action_for_key
                0x0000000000000bd8      0x30e .build/obj_split70_ez_split70_galen/quantum/keymap_common.o
                0x0000000000000bd8                action_for_key
 .text.keycode_config
                0x0000000000000ee6      0x100 .build/obj_split70_ez_split70_galen/quantum/keycode_config.o
                0x0000000000000ee6                keycode_config
 .text.leader_start
                0x0000000000000fe6        0x2 .build/obj_split70_ez_split70_galen/quantum/process_keycode/process_leader.o
                0x0000000000000fe6                leader_start
 .text.process_leader
                0x0000000000000fe8       0x9e .build/obj_split70_ez_split70_galen/quantum/process_keycode/process_leader.o
                0x0000000000000fe8                process_leader
 .text.matrix_init_kb
                0x0000000000001086       0x24 .build/obj_split70_ez_split70_galen/keyboards/split70/ez/ez.o
                0x0000000000001086                matrix_init_kb
 .text.init_mcp23018
                0x00000000000010aa       0x9e .build/obj_split70_ez_split70_galen/keyboards/split70/ez/ez.o
                0x00000000000010aa                init_mcp23018
 .text.unicode_input_start
                0x0000000000001148       0xee .build/obj_split70_ez_split70_galen/quantum/process_keycode/process_unicode_common.o
                0x0000000000001148                unicode_input_start
 .text.unicode_input_finish
                0x0000000000001236       0x90 .build/obj_split70_ez_split70_galen/quantum/process_keycode/process_unicode_common.o
                0x0000000000001236                unicode_input_finish
 .text.register_hex
                0x00000000000012c6       0x4c .build/obj_split70_ez_split70_galen/quantum/process_keycode/process_unicode_common.o
                0x00000000000012c6                register_hex
 .text.process_unicode
                0x0000000000001312       0x2e .build/obj_split70_ez_split70_galen/quantum/process_keycode/process_unicode.o
                0x0000000000001312                process_unicode
 .text.host_set_driver
                0x0000000000001340        0xa .build/obj_split70_ez_split70_galen/common/host.o
                0x0000000000001340                host_set_driver
 .text.host_keyboard_leds
                0x000000000000134a       0x18 .build/obj_split70_ez_split70_galen/common/host.o
                0x000000000000134a                host_keyboard_leds
 .text.host_keyboard_send
                0x0000000000001362       0x16 .build/obj_split70_ez_split70_galen/common/host.o
                0x0000000000001362                host_keyboard_send
 .text.host_mouse_send
                0x0000000000001378       0x16 .build/obj_split70_ez_split70_galen/common/host.o
                0x0000000000001378                host_mouse_send
 .text.host_system_send
                0x000000000000138e       0x2c .build/obj_split70_ez_split70_galen/common/host.o
                0x000000000000138e                host_system_send
 .text.host_consumer_send
                0x00000000000013ba       0x2c .build/obj_split70_ez_split70_galen/common/host.o
                0x00000000000013ba                host_consumer_send
 .text.matrix_setup
                0x00000000000013e6        0x2 .build/obj_split70_ez_split70_galen/common/keyboard.o
                0x00000000000013e6                matrix_setup
 .text.keyboard_setup
                0x00000000000013e8        0x4 .build/obj_split70_ez_split70_galen/common/keyboard.o
                0x00000000000013e8                keyboard_setup
 .text.keyboard_init
                0x00000000000013ec        0xc .build/obj_split70_ez_split70_galen/common/keyboard.o
                0x00000000000013ec                keyboard_init
 .text.keyboard_task
                0x00000000000013f8      0x14a .build/obj_split70_ez_split70_galen/common/keyboard.o
                0x00000000000013f8                keyboard_task
 .text.action_exec
                0x0000000000001542       0x54 .build/obj_split70_ez_split70_galen/common/action.o
                0x0000000000001542                action_exec
 .text.register_code
                0x0000000000001596      0x180 .build/obj_split70_ez_split70_galen/common/action.o
                0x0000000000001596                register_code
 .text.unregister_code
                0x0000000000001716       0x9e .build/obj_split70_ez_split70_galen/common/action.o
                0x0000000000001716                unregister_code
 .text.register_mods
                0x00000000000017b4        0xe .build/obj_split70_ez_split70_galen/common/action.o
                0x00000000000017b4                register_mods
 .text.unregister_mods
                0x00000000000017c2        0xe .build/obj_split70_ez_split70_galen/common/action.o
                0x00000000000017c2                unregister_mods
 .text.process_action
                0x00000000000017d0      0x436 .build/obj_split70_ez_split70_galen/common/action.o
                0x00000000000017d0                process_action
 .text.process_record
                0x0000000000001c06       0x62 .build/obj_split70_ez_split70_galen/common/action.o
                0x0000000000001c06                process_record
 .text.clear_keyboard_but_mods
                0x0000000000001c68       0x28 .build/obj_split70_ez_split70_galen/common/action.o
                0x0000000000001c68                clear_keyboard_but_mods
 .text.clear_keyboard
                0x0000000000001c90        0x8 .build/obj_split70_ez_split70_galen/common/action.o
                0x0000000000001c90                clear_keyboard
 .text.is_tap_key
                0x0000000000001c98       0x5e .build/obj_split70_ez_split70_galen/common/action.o
                0x0000000000001c98                is_tap_key
 .text.debug_event
                0x0000000000001cf6       0x1e .build/obj_split70_ez_split70_galen/common/action.o
                0x0000000000001cf6                debug_event
 .text.debug_record
                0x0000000000001d14       0x20 .build/obj_split70_ez_split70_galen/common/action.o
                0x0000000000001d14                debug_record
 .text.debug_waiting_buffer
                0x0000000000001d34       0x42 .build/obj_split70_ez_split70_galen/common/action_tapping.o
 .text.debug_tapping_key
                0x0000000000001d76       0x1c .build/obj_split70_ez_split70_galen/common/action_tapping.o
 .text.waiting_buffer_scan_tap
                0x0000000000001d92       0xd6 .build/obj_split70_ez_split70_galen/common/action_tapping.o
 .text.process_tapping
                0x0000000000001e68      0x38c .build/obj_split70_ez_split70_galen/common/action_tapping.o
 .text.action_tapping_process
                0x00000000000021f4      0x152 .build/obj_split70_ez_split70_galen/common/action_tapping.o
                0x00000000000021f4                action_tapping_process
 .text.action_macro_play
                0x0000000000002346       0xf0 .build/obj_split70_ez_split70_galen/common/action_macro.o
                0x0000000000002346                action_macro_play
 .text.default_layer_state_set_kb
                0x0000000000002436        0x2 .build/obj_split70_ez_split70_galen/common/action_layer.o
                0x0000000000002436                default_layer_state_set_kb
 .text.default_layer_state_set
                0x0000000000002438       0x18 .build/obj_split70_ez_split70_galen/common/action_layer.o
 .text.default_layer_debug
                0x0000000000002450        0x2 .build/obj_split70_ez_split70_galen/common/action_layer.o
                0x0000000000002450                default_layer_debug
 .text.default_layer_set
                0x0000000000002452        0x4 .build/obj_split70_ez_split70_galen/common/action_layer.o
                0x0000000000002452                default_layer_set
 .text.default_layer_or
                0x0000000000002456       0x24 .build/obj_split70_ez_split70_galen/common/action_layer.o
                0x0000000000002456                default_layer_or
 .text.default_layer_and
                0x000000000000247a       0x24 .build/obj_split70_ez_split70_galen/common/action_layer.o
                0x000000000000247a                default_layer_and
 .text.default_layer_xor
                0x000000000000249e       0x24 .build/obj_split70_ez_split70_galen/common/action_layer.o
                0x000000000000249e                default_layer_xor
 .text.layer_state_set_kb
                0x00000000000024c2        0x4 .build/obj_split70_ez_split70_galen/common/action_layer.o
                0x00000000000024c2                layer_state_set_kb
 .text.layer_state_set
                0x00000000000024c6       0x18 .build/obj_split70_ez_split70_galen/common/action_layer.o
 .text.layer_clear
                0x00000000000024de        0xa .build/obj_split70_ez_split70_galen/common/action_layer.o
                0x00000000000024de                layer_clear
 .text.layer_move
                0x00000000000024e8       0x2a .build/obj_split70_ez_split70_galen/common/action_layer.o
                0x00000000000024e8                layer_move
 .text.layer_on
                0x0000000000002512       0x42 .build/obj_split70_ez_split70_galen/common/action_layer.o
                0x0000000000002512                layer_on
 .text.layer_off
                0x0000000000002554       0x46 .build/obj_split70_ez_split70_galen/common/action_layer.o
                0x0000000000002554                layer_off
 .text.layer_invert
                0x000000000000259a       0x42 .build/obj_split70_ez_split70_galen/common/action_layer.o
                0x000000000000259a                layer_invert
 .text.layer_or
                0x00000000000025dc       0x24 .build/obj_split70_ez_split70_galen/common/action_layer.o
                0x00000000000025dc                layer_or
 .text.layer_and
                0x0000000000002600       0x24 .build/obj_split70_ez_split70_galen/common/action_layer.o
                0x0000000000002600                layer_and
 .text.layer_xor
                0x0000000000002624       0x24 .build/obj_split70_ez_split70_galen/common/action_layer.o
                0x0000000000002624                layer_xor
 .text.layer_debug
                0x0000000000002648        0x2 .build/obj_split70_ez_split70_galen/common/action_layer.o
                0x0000000000002648                layer_debug
 .text.layer_switch_get_layer
                0x000000000000264a       0x84 .build/obj_split70_ez_split70_galen/common/action_layer.o
                0x000000000000264a                layer_switch_get_layer
 .text.layer_switch_get_action
                0x00000000000026ce       0x14 .build/obj_split70_ez_split70_galen/common/action_layer.o
                0x00000000000026ce                layer_switch_get_action
 .text.store_or_get_action
                0x00000000000026e2        0x6 .build/obj_split70_ez_split70_galen/common/action_layer.o
                0x00000000000026e2                store_or_get_action
 .text.get_oneshot_layer
                0x00000000000026e8        0xc .build/obj_split70_ez_split70_galen/common/action_util.o
                0x00000000000026e8                get_oneshot_layer
 .text.get_oneshot_layer_state
                0x00000000000026f4        0x8 .build/obj_split70_ez_split70_galen/common/action_util.o
                0x00000000000026f4                get_oneshot_layer_state
 .text.set_oneshot_layer
                0x00000000000026fc       0x12 .build/obj_split70_ez_split70_galen/common/action_util.o
                0x00000000000026fc                set_oneshot_layer
 .text.clear_oneshot_layer_state
                0x000000000000270e       0x2c .build/obj_split70_ez_split70_galen/common/action_util.o
                0x000000000000270e                clear_oneshot_layer_state
 .text.is_oneshot_layer_active
                0x000000000000273a        0xe .build/obj_split70_ez_split70_galen/common/action_util.o
                0x000000000000273a                is_oneshot_layer_active
 .text.add_key  0x0000000000002748       0x7a .build/obj_split70_ez_split70_galen/common/action_util.o
                0x0000000000002748                add_key
 .text.del_key  0x00000000000027c2       0x68 .build/obj_split70_ez_split70_galen/common/action_util.o
                0x00000000000027c2                del_key
 .text.clear_keys
                0x000000000000282a       0x1c .build/obj_split70_ez_split70_galen/common/action_util.o
                0x000000000000282a                clear_keys
 .text.add_mods
                0x0000000000002846        0xc .build/obj_split70_ez_split70_galen/common/action_util.o
                0x0000000000002846                add_mods
 .text.del_mods
                0x0000000000002852       0x10 .build/obj_split70_ez_split70_galen/common/action_util.o
                0x0000000000002852                del_mods
 .text.clear_mods
                0x0000000000002862        0x6 .build/obj_split70_ez_split70_galen/common/action_util.o
                0x0000000000002862                clear_mods
 .text.add_weak_mods
                0x0000000000002868        0xc .build/obj_split70_ez_split70_galen/common/action_util.o
                0x0000000000002868                add_weak_mods
 .text.del_weak_mods
                0x0000000000002874       0x10 .build/obj_split70_ez_split70_galen/common/action_util.o
                0x0000000000002874                del_weak_mods
 .text.clear_weak_mods
                0x0000000000002884        0x6 .build/obj_split70_ez_split70_galen/common/action_util.o
                0x0000000000002884                clear_weak_mods
 .text.add_macro_mods
                0x000000000000288a        0xc .build/obj_split70_ez_split70_galen/common/action_util.o
                0x000000000000288a                add_macro_mods
 .text.del_macro_mods
                0x0000000000002896       0x10 .build/obj_split70_ez_split70_galen/common/action_util.o
                0x0000000000002896                del_macro_mods
 .text.clear_macro_mods
                0x00000000000028a6        0x6 .build/obj_split70_ez_split70_galen/common/action_util.o
                0x00000000000028a6                clear_macro_mods
 .text.set_oneshot_mods
                0x00000000000028ac        0x6 .build/obj_split70_ez_split70_galen/common/action_util.o
                0x00000000000028ac                set_oneshot_mods
 .text.clear_oneshot_mods
                0x00000000000028b2        0x6 .build/obj_split70_ez_split70_galen/common/action_util.o
                0x00000000000028b2                clear_oneshot_mods
 .text.has_anykey
                0x00000000000028b8       0x20 .build/obj_split70_ez_split70_galen/common/action_util.o
                0x00000000000028b8                has_anykey
 .text.send_keyboard_report
                0x00000000000028d8       0x5e .build/obj_split70_ez_split70_galen/common/action_util.o
                0x00000000000028d8                send_keyboard_report
 .text.eeconfig_init
                0x0000000000002936       0x34 .build/obj_split70_ez_split70_galen/common/eeconfig.o
                0x0000000000002936                eeconfig_init
 .text.eeconfig_is_enabled
                0x000000000000296a       0x16 .build/obj_split70_ez_split70_galen/common/eeconfig.o
                0x000000000000296a                eeconfig_is_enabled
 .text.eeconfig_read_debug
                0x0000000000002980        0x8 .build/obj_split70_ez_split70_galen/common/eeconfig.o
                0x0000000000002980                eeconfig_read_debug
 .text.eeconfig_read_default_layer
                0x0000000000002988        0x8 .build/obj_split70_ez_split70_galen/common/eeconfig.o
                0x0000000000002988                eeconfig_read_default_layer
 .text.eeconfig_read_keymap
                0x0000000000002990        0x8 .build/obj_split70_ez_split70_galen/common/eeconfig.o
                0x0000000000002990                eeconfig_read_keymap
 .text.eeconfig_update_keymap
                0x0000000000002998        0xa .build/obj_split70_ez_split70_galen/common/eeconfig.o
                0x0000000000002998                eeconfig_update_keymap
 .text.suspend_power_down
                0x00000000000029a2       0x58 .build/obj_split70_ez_split70_galen/common/avr/suspend.o
                0x00000000000029a2                suspend_power_down
 .text.matrix_power_down
                0x00000000000029fa        0x2 .build/obj_split70_ez_split70_galen/common/avr/suspend.o
                0x00000000000029fa                matrix_power_down
 .text.suspend_wakeup_condition
                0x00000000000029fc       0x28 .build/obj_split70_ez_split70_galen/common/avr/suspend.o
                0x00000000000029fc                suspend_wakeup_condition
 .text.suspend_wakeup_init
                0x0000000000002a24        0xc .build/obj_split70_ez_split70_galen/common/avr/suspend.o
                0x0000000000002a24                suspend_wakeup_init
 .text.__vector_12
                0x0000000000002a30       0x52 .build/obj_split70_ez_split70_galen/common/avr/suspend.o
                0x0000000000002a30                __vector_12
 .text.timer_init
                0x0000000000002a82       0x12 .build/obj_split70_ez_split70_galen/common/avr/timer.o
                0x0000000000002a82                timer_init
 .text.timer_read
                0x0000000000002a94       0x18 .build/obj_split70_ez_split70_galen/common/avr/timer.o
                0x0000000000002a94                timer_read
 .text.timer_elapsed
                0x0000000000002aac       0x54 .build/obj_split70_ez_split70_galen/common/avr/timer.o
                0x0000000000002aac                timer_elapsed
 .text.__vector_21
                0x0000000000002b00       0x4c .build/obj_split70_ez_split70_galen/common/avr/timer.o
                0x0000000000002b00                __vector_21
 .text.bootloader_jump
                0x0000000000002b4c       0x44 .build/obj_split70_ez_split70_galen/common/avr/bootloader.o
                0x0000000000002b4c                bootloader_jump
 .text.magic    0x0000000000002b90       0x32 .build/obj_split70_ez_split70_galen/common/magic.o
                0x0000000000002b90                magic
 .text.move_unit
                0x0000000000002bc2       0x94 .build/obj_split70_ez_split70_galen/common/mousekey.o
 .text.wheel_unit
                0x0000000000002c56       0x72 .build/obj_split70_ez_split70_galen/common/mousekey.o
 .text.mousekey_on
                0x0000000000002cc8       0xd0 .build/obj_split70_ez_split70_galen/common/mousekey.o
                0x0000000000002cc8                mousekey_on
 .text.mousekey_off
                0x0000000000002d98      0x108 .build/obj_split70_ez_split70_galen/common/mousekey.o
                0x0000000000002d98                mousekey_off
 .text.mousekey_send
                0x0000000000002ea0       0x16 .build/obj_split70_ez_split70_galen/common/mousekey.o
                0x0000000000002ea0                mousekey_send
 .text.mousekey_task
                0x0000000000002eb6      0x144 .build/obj_split70_ez_split70_galen/common/mousekey.o
                0x0000000000002eb6                mousekey_task
 .text.mousekey_clear
                0x0000000000002ffa       0x18 .build/obj_split70_ez_split70_galen/common/mousekey.o
                0x0000000000002ffa                mousekey_clear
 .text.mousekey_param_inc
                0x0000000000003012       0xec .build/obj_split70_ez_split70_galen/common/command.o
 .text.mousekey_param_dec
                0x00000000000030fe       0xa0 .build/obj_split70_ez_split70_galen/common/command.o
 .text.switch_default_layer
                0x000000000000319e       0x2e .build/obj_split70_ez_split70_galen/common/command.o
 .text.command_common
                0x00000000000031cc      0x126 .build/obj_split70_ez_split70_galen/common/command.o
 .text.command_extra
                0x00000000000032f2        0x4 .build/obj_split70_ez_split70_galen/common/command.o
                0x00000000000032f2                command_extra
 .text.command_console_extra
                0x00000000000032f6        0x4 .build/obj_split70_ez_split70_galen/common/command.o
                0x00000000000032f6                command_console_extra
 .text.numkey2num
                0x00000000000032fa       0x16 .build/obj_split70_ez_split70_galen/common/command.o
                0x00000000000032fa                numkey2num
 .text.command_proc
                0x0000000000003310      0x124 .build/obj_split70_ez_split70_galen/common/command.o
                0x0000000000003310                command_proc
 .text.keyboard_leds
                0x0000000000003434        0x6 .build/obj_split70_ez_split70_galen/lufa.o
 .text.send_consumer
                0x000000000000343a       0x74 .build/obj_split70_ez_split70_galen/lufa.o
 .text.send_system
                0x00000000000034ae       0x6c .build/obj_split70_ez_split70_galen/lufa.o
 .text.send_mouse
                0x000000000000351a       0x56 .build/obj_split70_ez_split70_galen/lufa.o
 .text.send_keyboard
                0x0000000000003570       0xa6 .build/obj_split70_ez_split70_galen/lufa.o
 .text.EVENT_USB_Device_Connect
                0x0000000000003616       0x1c .build/obj_split70_ez_split70_galen/lufa.o
                0x0000000000003616                EVENT_USB_Device_Connect
 .text.EVENT_USB_Device_Disconnect
                0x0000000000003632        0x6 .build/obj_split70_ez_split70_galen/lufa.o
                0x0000000000003632                EVENT_USB_Device_Disconnect
 .text.EVENT_USB_Device_Reset
                0x0000000000003638        0x2 .build/obj_split70_ez_split70_galen/lufa.o
                0x0000000000003638                EVENT_USB_Device_Reset
 .text.EVENT_USB_Device_Suspend
                0x000000000000363a        0x2 .build/obj_split70_ez_split70_galen/lufa.o
                0x000000000000363a                EVENT_USB_Device_Suspend
 .text.EVENT_USB_Device_WakeUp
                0x000000000000363c        0x4 .build/obj_split70_ez_split70_galen/lufa.o
                0x000000000000363c                EVENT_USB_Device_WakeUp
 .text.EVENT_USB_Device_ConfigurationChanged
                0x0000000000003640       0x28 .build/obj_split70_ez_split70_galen/lufa.o
                0x0000000000003640                EVENT_USB_Device_ConfigurationChanged
 .text.EVENT_USB_Device_ControlRequest
                0x0000000000003668      0x15a .build/obj_split70_ez_split70_galen/lufa.o
                0x0000000000003668                EVENT_USB_Device_ControlRequest
 .text.startup.main
                0x00000000000037c2       0x76 .build/obj_split70_ez_split70_galen/lufa.o
                0x00000000000037c2                main
 .text.CALLBACK_USB_GetDescriptor
                0x0000000000003838       0xaa .build/obj_split70_ez_split70_galen/descriptor.o
                0x0000000000003838                CALLBACK_USB_GetDescriptor
 .text.set_output_user
                0x00000000000038e2        0x2 .build/obj_split70_ez_split70_galen/outputselect.o
                0x00000000000038e2                set_output_user
 .text.set_output
                0x00000000000038e4       0x10 .build/obj_split70_ez_split70_galen/outputselect.o
                0x00000000000038e4                set_output
 .text.auto_detect_output
                0x00000000000038f4       0x10 .build/obj_split70_ez_split70_galen/outputselect.o
                0x00000000000038f4                auto_detect_output
 .text.where_to_send
                0x0000000000003904        0xe .build/obj_split70_ez_split70_galen/outputselect.o
                0x0000000000003904                where_to_send
 .text.USB_Device_SendRemoteWakeup
                0x0000000000003912       0x2c .build/obj_split70_ez_split70_galen/protocol/lufa/LUFA-git/LUFA/Drivers/USB/Core/AVR8/Device_AVR8.o
                0x0000000000003912                USB_Device_SendRemoteWakeup
 .text.Endpoint_Write_Stream_LE
                0x000000000000393e       0x9e .build/obj_split70_ez_split70_galen/protocol/lufa/LUFA-git/LUFA/Drivers/USB/Core/AVR8/EndpointStream_AVR8.o
                0x000000000000393e                Endpoint_Write_Stream_LE
 .text.Endpoint_Write_Control_Stream_LE
                0x00000000000039dc       0xbe .build/obj_split70_ez_split70_galen/protocol/lufa/LUFA-git/LUFA/Drivers/USB/Core/AVR8/EndpointStream_AVR8.o
                0x00000000000039dc                Endpoint_Write_Control_Stream_LE
 .text.Endpoint_Write_Control_PStream_LE
                0x0000000000003a9a       0xc0 .build/obj_split70_ez_split70_galen/protocol/lufa/LUFA-git/LUFA/Drivers/USB/Core/AVR8/EndpointStream_AVR8.o
                0x0000000000003a9a                Endpoint_Write_Control_PStream_LE
 .text.Endpoint_ConfigureEndpoint_Prv
                0x0000000000003b5a       0x68 .build/obj_split70_ez_split70_galen/protocol/lufa/LUFA-git/LUFA/Drivers/USB/Core/AVR8/Endpoint_AVR8.o
                0x0000000000003b5a                Endpoint_ConfigureEndpoint_Prv
 .text.Endpoint_ClearStatusStage
                0x0000000000003bc2       0x3e .build/obj_split70_ez_split70_galen/protocol/lufa/LUFA-git/LUFA/Drivers/USB/Core/AVR8/Endpoint_AVR8.o
                0x0000000000003bc2                Endpoint_ClearStatusStage
 .text.Endpoint_WaitUntilReady
                0x0000000000003c00       0x5e .build/obj_split70_ez_split70_galen/protocol/lufa/LUFA-git/LUFA/Drivers/USB/Core/AVR8/Endpoint_AVR8.o
                0x0000000000003c00                Endpoint_WaitUntilReady
 .text.USB_Disable
                0x0000000000003c5e       0x34 .build/obj_split70_ez_split70_galen/protocol/lufa/LUFA-git/LUFA/Drivers/USB/Core/AVR8/USBController_AVR8.o
                0x0000000000003c5e                USB_Disable
 .text.USB_ResetInterface
                0x0000000000003c92       0x86 .build/obj_split70_ez_split70_galen/protocol/lufa/LUFA-git/LUFA/Drivers/USB/Core/AVR8/USBController_AVR8.o
                0x0000000000003c92                USB_ResetInterface
 .text.USB_Init
                0x0000000000003d18       0x22 .build/obj_split70_ez_split70_galen/protocol/lufa/LUFA-git/LUFA/Drivers/USB/Core/AVR8/USBController_AVR8.o
                0x0000000000003d18                USB_Init
 .text.USB_INT_DisableAllInterrupts
                0x0000000000003d3a       0x10 .build/obj_split70_ez_split70_galen/protocol/lufa/LUFA-git/LUFA/Drivers/USB/Core/AVR8/USBInterrupt_AVR8.o
                0x0000000000003d3a                USB_INT_DisableAllInterrupts
 .text.USB_INT_ClearAllInterrupts
                0x0000000000003d4a        0xa .build/obj_split70_ez_split70_galen/protocol/lufa/LUFA-git/LUFA/Drivers/USB/Core/AVR8/USBInterrupt_AVR8.o
                0x0000000000003d4a                USB_INT_ClearAllInterrupts
 .text.__vector_10
                0x0000000000003d54      0x1a6 .build/obj_split70_ez_split70_galen/protocol/lufa/LUFA-git/LUFA/Drivers/USB/Core/AVR8/USBInterrupt_AVR8.o
                0x0000000000003d54                __vector_10
 .text.__vector_11
                0x0000000000003efa       0x78 .build/obj_split70_ez_split70_galen/protocol/lufa/LUFA-git/LUFA/Drivers/USB/Core/AVR8/USBInterrupt_AVR8.o
                0x0000000000003efa                __vector_11
 .text.USB_Device_ProcessControlRequest
                0x0000000000003f72      0x2a8 .build/obj_split70_ez_split70_galen/protocol/lufa/LUFA-git/LUFA/Drivers/USB/Core/DeviceStandardReq.o
                0x0000000000003f72                USB_Device_ProcessControlRequest
 .text.USB_Event_Stub
                0x000000000000421a        0x2 .build/obj_split70_ez_split70_galen/protocol/lufa/LUFA-git/LUFA/Drivers/USB/Core/Events.o
                0x000000000000421a                USB_Event_Stub
                0x000000000000421a                EVENT_USB_Device_StartOfFrame
 .text.USB_USBTask
                0x000000000000421c       0x38 .build/obj_split70_ez_split70_galen/protocol/lufa/LUFA-git/LUFA/Drivers/USB/Core/USBTask.o
                0x000000000000421c                USB_USBTask
 .text.avr-libc.fplib
                0x0000000000004254        0xe /usr/lib/gcc/avr/7.1.0/../../../../avr/lib/avr5/libm.a(fixsfsi.o)
                0x0000000000004254                __fixsfsi
 .text.avr-libc.fplib
                0x0000000000004262       0x5e /usr/lib/gcc/avr/7.1.0/../../../../avr/lib/avr5/libm.a(fixunssfsi.o)
                0x0000000000004262                __fixunssfsi
 .text.avr-libc.fplib
                0x00000000000042c0       0x7a /usr/lib/gcc/avr/7.1.0/../../../../avr/lib/avr5/libm.a(floatsisf.o)
                0x00000000000042c0                __floatunsisf
                0x00000000000042c4                __floatsisf
 .text.avr-libc.fplib
                0x000000000000433a       0x44 /usr/lib/gcc/avr/7.1.0/../../../../avr/lib/avr5/libm.a(fp_split3.o)
                0x000000000000433a                __fp_split3
                0x000000000000434a                __fp_splitA
 .text.avr-libc.fplib
                0x000000000000437e        0xe /usr/lib/gcc/avr/7.1.0/../../../../avr/lib/avr5/libm.a(fp_zero.o)
                0x000000000000437e                __fp_zero
                0x0000000000004380                __fp_szero
 .text.avr-libc.fplib
                0x000000000000438c        0x8 /usr/lib/gcc/avr/7.1.0/../../../../avr/lib/avr5/libm.a(mulsf3.o)
                0x000000000000438c                __mulsf3
 .text.avr-libc.fplib
                0x0000000000004394       0xd2 /usr/lib/gcc/avr/7.1.0/../../../../avr/lib/avr5/libm.a(mulsf3x.o)
                0x00000000000043b2                __mulsf3x
                0x00000000000043b8                __mulsf3_pse
 .text.avr-libc.fplib
                0x0000000000004466        0xc /usr/lib/gcc/avr/7.1.0/../../../../avr/lib/avr5/libm.a(fp_inf.o)
                0x0000000000004466                __fp_inf
 .text.avr-libc.fplib
                0x0000000000004472        0x6 /usr/lib/gcc/avr/7.1.0/../../../../avr/lib/avr5/libm.a(fp_nan.o)
                0x0000000000004472                __fp_nan
 .text.avr-libc.fplib
                0x0000000000004478        0xe /usr/lib/gcc/avr/7.1.0/../../../../avr/lib/avr5/libm.a(fp_pscA.o)
                0x0000000000004478                __fp_pscA
 .text.avr-libc.fplib
                0x0000000000004486        0xe /usr/lib/gcc/avr/7.1.0/../../../../avr/lib/avr5/libm.a(fp_pscB.o)
                0x0000000000004486                __fp_pscB
 .text.avr-libc.fplib
                0x0000000000004494       0x22 /usr/lib/gcc/avr/7.1.0/../../../../avr/lib/avr5/libm.a(fp_round.o)
                0x0000000000004494                __fp_round
 .text.libgcc.div
                0x00000000000044b6       0x28 /usr/lib/gcc/avr/7.1.0/avr5/libgcc.a(_divmodhi4.o)
                0x00000000000044b6                __divmodhi4
                0x00000000000044b6                _div
 .text.libgcc   0x00000000000044de        0xc /usr/lib/gcc/avr/7.1.0/avr5/libgcc.a(_tablejump2.o)
                0x00000000000044de                __tablejump2__
 .text.libgcc.div
                0x00000000000044ea       0x28 /usr/lib/gcc/avr/7.1.0/avr5/libgcc.a(_udivmodhi4.o)
                0x00000000000044ea                __udivmodhi4
 .text.avr-libc
                0x0000000000004512       0x10 /usr/lib/gcc/avr/7.1.0/../../../../avr/lib/avr5/libatmega32u4.a(eerd_byte.o)
                0x0000000000004512                eeprom_read_byte
 .text.avr-libc
                0x0000000000004522        0xc /usr/lib/gcc/avr/7.1.0/../../../../avr/lib/avr5/libatmega32u4.a(eerd_word.o)
                0x0000000000004522                eeprom_read_word
 .text.avr-libc
                0x000000000000452e       0x24 /usr/lib/gcc/avr/7.1.0/../../../../avr/lib/avr5/libatmega32u4.a(eeupd_byte.o)
                0x000000000000452e                eeprom_update_byte
                0x0000000000004530                eeprom_update_r18
 .text.avr-libc
                0x0000000000004552        0xc /usr/lib/gcc/avr/7.1.0/../../../../avr/lib/avr5/libatmega32u4.a(eeupd_word.o)
                0x0000000000004552                eeprom_update_word
 .text.avr-libc
                0x000000000000455e       0x20 /usr/lib/gcc/avr/7.1.0/../../../../avr/lib/avr5/libatmega32u4.a(eerd_block.o)
                0x000000000000455e                eeprom_read_block
                0x0000000000004562                eeprom_read_blraw
                0x000000000000457e                . = ALIGN (0x2)
 *(.fini9)
 .fini9         0x000000000000457e        0x0 /usr/lib/gcc/avr/7.1.0/avr5/libgcc.a(_exit.o)
                0x000000000000457e                exit
                0x000000000000457e                _exit
 *(.fini9)
 *(.fini8)
 *(.fini8)
 *(.fini7)
 *(.fini7)
 *(.fini6)
 *(.fini6)
 *(.fini5)
 *(.fini5)
 *(.fini4)
 *(.fini4)
 *(.fini3)
 *(.fini3)
 *(.fini2)
 *(.fini2)
 *(.fini1)
 *(.fini1)
 *(.fini0)
 .fini0         0x000000000000457e        0x4 /usr/lib/gcc/avr/7.1.0/avr5/libgcc.a(_exit.o)
 *(.fini0)
                0x0000000000004582                _etext = .

.data           0x0000000000800100       0x32 load address 0x0000000000004582
                0x0000000000800100                PROVIDE (__data_start, .)
 *(.data)
 *(.data*)
 .data.debouncing
                0x0000000000800100        0x1 .build/obj_split70_ez_split70_galen/matrix.o
 .data.mcp23018_status
                0x0000000000800101        0x1 .build/obj_split70_ez_split70_galen/keyboards/split70/ez/ez.o
                0x0000000000800101                mcp23018_status
 .data.keyboard_report
                0x0000000000800102        0x2 .build/obj_split70_ez_split70_galen/common/action_util.o
                0x0000000000800102                keyboard_report
 .data.mk_wheel_time_to_max
                0x0000000000800104        0x1 .build/obj_split70_ez_split70_galen/common/mousekey.o
                0x0000000000800104                mk_wheel_time_to_max
 .data.mk_wheel_max_speed
                0x0000000000800105        0x1 .build/obj_split70_ez_split70_galen/common/mousekey.o
                0x0000000000800105                mk_wheel_max_speed
 .data.mk_time_to_max
                0x0000000000800106        0x1 .build/obj_split70_ez_split70_galen/common/mousekey.o
                0x0000000000800106                mk_time_to_max
 .data.mk_max_speed
                0x0000000000800107        0x1 .build/obj_split70_ez_split70_galen/common/mousekey.o
                0x0000000000800107                mk_max_speed
 .data.mk_interval
                0x0000000000800108        0x1 .build/obj_split70_ez_split70_galen/common/mousekey.o
                0x0000000000800108                mk_interval
 .data.lufa_driver
                0x0000000000800109        0xa .build/obj_split70_ez_split70_galen/lufa.o
                0x0000000000800109                lufa_driver
 .data.keyboard_protocol
                0x0000000000800113        0x1 .build/obj_split70_ez_split70_galen/lufa.o
                0x0000000000800113                keyboard_protocol
 *(.rodata)
 *(.rodata*)
 .rodata.CSWTCH.53
                0x0000000000800114        0xa .build/obj_split70_ez_split70_galen/common/command.o
 .rodata.CSWTCH.3
                0x000000000080011e        0x4 .build/obj_split70_ez_split70_galen/descriptor.o
 .rodata.CSWTCH.2
                0x0000000000800122        0x8 .build/obj_split70_ez_split70_galen/descriptor.o
 .rodata.CSWTCH.1
                0x000000000080012a        0x8 .build/obj_split70_ez_split70_galen/descriptor.o
 *(.gnu.linkonce.d*)
                0x0000000000800132                . = ALIGN (0x2)
                0x0000000000800132                _edata = .
                0x0000000000800132                PROVIDE (__data_end, .)

.bss            0x0000000000800132       0xea
                0x0000000000800132                PROVIDE (__bss_start, .)
 *(.bss)
 *(.bss*)
 .bss.mcp23018_reset_loop
                0x0000000000800132        0x1 .build/obj_split70_ez_split70_galen/matrix.o
 .bss.matrix_debouncing
                0x0000000000800133        0xc .build/obj_split70_ez_split70_galen/matrix.o
 .bss.matrix    0x000000000080013f        0xc .build/obj_split70_ez_split70_galen/matrix.o
 .bss.scs_timer
                0x000000000080014b        0x2 .build/obj_split70_ez_split70_galen/quantum/quantum.o
 .bss.shift_interrupted
                0x000000000080014d        0x2 .build/obj_split70_ez_split70_galen/quantum/quantum.o
 .bss.leader_sequence_size
                0x000000000080014f        0x1 .build/obj_split70_ez_split70_galen/quantum/process_keycode/process_leader.o
                0x000000000080014f                leader_sequence_size
 .bss.leader_sequence
                0x0000000000800150        0xa .build/obj_split70_ez_split70_galen/quantum/process_keycode/process_leader.o
                0x0000000000800150                leader_sequence
 .bss.leader_time
                0x000000000080015a        0x2 .build/obj_split70_ez_split70_galen/quantum/process_keycode/process_leader.o
                0x000000000080015a                leader_time
 .bss.leading   0x000000000080015c        0x1 .build/obj_split70_ez_split70_galen/quantum/process_keycode/process_leader.o
                0x000000000080015c                leading
 .bss.i2c_initialized
                0x000000000080015d        0x1 .build/obj_split70_ez_split70_galen/keyboards/split70/ez/ez.o
                0x000000000080015d                i2c_initialized
 .bss.input_mode
                0x000000000080015e        0x1 .build/obj_split70_ez_split70_galen/quantum/process_keycode/process_unicode_common.o
 .bss.last_consumer_report
                0x000000000080015f        0x2 .build/obj_split70_ez_split70_galen/common/host.o
 .bss.last_system_report
                0x0000000000800161        0x2 .build/obj_split70_ez_split70_galen/common/host.o
 .bss.driver    0x0000000000800163        0x2 .build/obj_split70_ez_split70_galen/common/host.o
 .bss.led_status.4960
                0x0000000000800165        0x1 .build/obj_split70_ez_split70_galen/common/keyboard.o
 .bss.matrix_prev.4959
                0x0000000000800166        0xc .build/obj_split70_ez_split70_galen/common/keyboard.o
 .bss.waiting_buffer_tail
                0x0000000000800172        0x1 .build/obj_split70_ez_split70_galen/common/action_tapping.o
 .bss.waiting_buffer_head
                0x0000000000800173        0x1 .build/obj_split70_ez_split70_galen/common/action_tapping.o
 .bss.waiting_buffer
                0x0000000000800174       0x30 .build/obj_split70_ez_split70_galen/common/action_tapping.o
 .bss.tapping_key
                0x00000000008001a4        0x6 .build/obj_split70_ez_split70_galen/common/action_tapping.o
 .bss.layer_state
                0x00000000008001aa        0x4 .build/obj_split70_ez_split70_galen/common/action_layer.o
                0x00000000008001aa                layer_state
 .bss.default_layer_state
                0x00000000008001ae        0x4 .build/obj_split70_ez_split70_galen/common/action_layer.o
                0x00000000008001ae                default_layer_state
 .bss.oneshot_layer_data
                0x00000000008001b2        0x1 .build/obj_split70_ez_split70_galen/common/action_util.o
 .bss.oneshot_mods
                0x00000000008001b3        0x1 .build/obj_split70_ez_split70_galen/common/action_util.o
 .bss.__compound_literal.0
                0x00000000008001b4       0x20 .build/obj_split70_ez_split70_galen/common/action_util.o
 .bss.macro_mods
                0x00000000008001d4        0x1 .build/obj_split70_ez_split70_galen/common/action_util.o
 .bss.weak_mods
                0x00000000008001d5        0x1 .build/obj_split70_ez_split70_galen/common/action_util.o
 .bss.real_mods
                0x00000000008001d6        0x1 .build/obj_split70_ez_split70_galen/common/action_util.o
 .bss.debug_config
                0x00000000008001d7        0x1 .build/obj_split70_ez_split70_galen/common/debug.o
                0x00000000008001d7                debug_config
 .bss.wdt_timeout
                0x00000000008001d8        0x1 .build/obj_split70_ez_split70_galen/common/avr/suspend.o
 .bss.last_timer
                0x00000000008001d9        0x2 .build/obj_split70_ez_split70_galen/common/mousekey.o
 .bss.mk_delay  0x00000000008001db        0x1 .build/obj_split70_ez_split70_galen/common/mousekey.o
                0x00000000008001db                mk_delay
 .bss.mousekey_accel
                0x00000000008001dc        0x1 .build/obj_split70_ez_split70_galen/common/mousekey.o
 .bss.mousekey_repeat
                0x00000000008001dd        0x1 .build/obj_split70_ez_split70_galen/common/mousekey.o
 .bss.mouse_report
                0x00000000008001de        0x5 .build/obj_split70_ez_split70_galen/common/mousekey.o
 .bss.mousekey_param
                0x00000000008001e3        0x1 .build/obj_split70_ez_split70_galen/common/command.o
 .bss.command_state
                0x00000000008001e4        0x1 .build/obj_split70_ez_split70_galen/common/command.o
                0x00000000008001e4                command_state
 .bss.keyboard_report_sent
                0x00000000008001e5       0x20 .build/obj_split70_ez_split70_galen/lufa.o
 .bss.keyboard_led_stats
                0x0000000000800205        0x1 .build/obj_split70_ez_split70_galen/lufa.o
 .bss.keyboard_idle
                0x0000000000800206        0x1 .build/obj_split70_ez_split70_galen/lufa.o
                0x0000000000800206                keyboard_idle
 .bss.desired_output
                0x0000000000800207        0x1 .build/obj_split70_ez_split70_galen/outputselect.o
                0x0000000000800207                desired_output
 *(COMMON)
 COMMON         0x0000000000800208        0x1 .build/obj_split70_ez_split70_galen/quantum/process_keycode/process_unicode_common.o
                0x0000000000800208                mods
 COMMON         0x0000000000800209        0x4 .build/obj_split70_ez_split70_galen/common/avr/timer.o
                0x0000000000800209                timer_count
 COMMON         0x000000000080020d        0x2 .build/obj_split70_ez_split70_galen/common/magic.o
                0x000000000080020d                keymap_config
 COMMON         0x000000000080020f        0x3 .build/obj_split70_ez_split70_galen/protocol/lufa/LUFA-git/LUFA/Drivers/USB/Core/DeviceStandardReq.o
                0x000000000080020f                USB_Device_ConfigurationNumber
                0x0000000000800210                USB_Device_CurrentlySelfPowered
                0x0000000000800211                USB_Device_RemoteWakeupEnabled
 COMMON         0x0000000000800212        0xa .build/obj_split70_ez_split70_galen/protocol/lufa/LUFA-git/LUFA/Drivers/USB/Core/USBTask.o
                0x0000000000800212                USB_IsInitialized
                0x0000000000800213                USB_DeviceState
                0x0000000000800214                USB_ControlRequest
                0x000000000080021c                PROVIDE (__bss_end, .)
                0x0000000000004582                __data_load_start = LOADADDR (.data)
                0x00000000000045b4                __data_load_end = (__data_load_start + SIZEOF (.data))

.noinit         0x000000000080021c        0x4
                [!provide]                        PROVIDE (__noinit_start, .)
 *(.noinit*)
 .noinit        0x000000000080021c        0x4 .build/obj_split70_ez_split70_galen/common/avr/bootloader.o
                0x000000000080021c                reset_key
                [!provide]                        PROVIDE (__noinit_end, .)
                0x0000000000800220                _end = .
                [!provide]                        PROVIDE (__heap_start, .)

.eeprom         0x0000000000810000        0x0
 *(.eeprom*)
                0x0000000000810000                __eeprom_end = .

.fuse
 *(.fuse)
 *(.lfuse)
 *(.hfuse)
 *(.efuse)

.lock
 *(.lock*)

.signature
 *(.signature*)

.stab
 *(.stab)

.stabstr        0x0000000000000000       0x6f
 *(.stabstr)
 .stabstr       0x0000000000000000       0x6f .build/obj_split70_ez_split70_galen/common/avr/xprintf.o

.stab.excl
 *(.stab.excl)

.stab.exclstr
 *(.stab.exclstr)

.stab.index
 *(.stab.index)

.stab.indexstr
 *(.stab.indexstr)

.comment        0x0000000000000000       0x11
 *(.comment)
 .comment       0x0000000000000000       0x11 .build/obj_split70_ez_split70_galen/twimaster.o
                                         0x12 (size before relaxing)
 .comment       0x0000000000000011       0x12 .build/obj_split70_ez_split70_galen/matrix.o
 .comment       0x0000000000000011       0x12 .build/obj_split70_ez_split70_galen/keyboards/split70/keymaps/split70_galen/keymap.o
 .comment       0x0000000000000011       0x12 .build/obj_split70_ez_split70_galen/quantum/quantum.o
 .comment       0x0000000000000011       0x12 .build/obj_split70_ez_split70_galen/quantum/keymap_common.o
 .comment       0x0000000000000011       0x12 .build/obj_split70_ez_split70_galen/quantum/keycode_config.o
 .comment       0x0000000000000011       0x12 .build/obj_split70_ez_split70_galen/quantum/process_keycode/process_leader.o
 .comment       0x0000000000000011       0x12 .build/obj_split70_ez_split70_galen/keyboards/split70/ez/ez.o
 .comment       0x0000000000000011       0x12 .build/obj_split70_ez_split70_galen/quantum/process_keycode/process_unicode_common.o
 .comment       0x0000000000000011       0x12 .build/obj_split70_ez_split70_galen/quantum/process_keycode/process_unicode.o
 .comment       0x0000000000000011       0x12 .build/obj_split70_ez_split70_galen/common/host.o
 .comment       0x0000000000000011       0x12 .build/obj_split70_ez_split70_galen/common/keyboard.o
 .comment       0x0000000000000011       0x12 .build/obj_split70_ez_split70_galen/common/action.o
 .comment       0x0000000000000011       0x12 .build/obj_split70_ez_split70_galen/common/action_tapping.o
 .comment       0x0000000000000011       0x12 .build/obj_split70_ez_split70_galen/common/action_macro.o
 .comment       0x0000000000000011       0x12 .build/obj_split70_ez_split70_galen/common/action_layer.o
 .comment       0x0000000000000011       0x12 .build/obj_split70_ez_split70_galen/common/action_util.o
 .comment       0x0000000000000011       0x12 .build/obj_split70_ez_split70_galen/common/debug.o
 .comment       0x0000000000000011       0x12 .build/obj_split70_ez_split70_galen/common/eeconfig.o
 .comment       0x0000000000000011       0x12 .build/obj_split70_ez_split70_galen/common/avr/suspend.o
 .comment       0x0000000000000011       0x12 .build/obj_split70_ez_split70_galen/common/avr/timer.o
 .comment       0x0000000000000011       0x12 .build/obj_split70_ez_split70_galen/common/avr/bootloader.o
 .comment       0x0000000000000011       0x12 .build/obj_split70_ez_split70_galen/common/magic.o
 .comment       0x0000000000000011       0x12 .build/obj_split70_ez_split70_galen/common/mousekey.o
 .comment       0x0000000000000011       0x12 .build/obj_split70_ez_split70_galen/common/command.o
 .comment       0x0000000000000011       0x12 .build/obj_split70_ez_split70_galen/lufa.o
 .comment       0x0000000000000011       0x12 .build/obj_split70_ez_split70_galen/descriptor.o
 .comment       0x0000000000000011       0x12 .build/obj_split70_ez_split70_galen/outputselect.o
 .comment       0x0000000000000011       0x12 .build/obj_split70_ez_split70_galen/protocol/lufa/LUFA-git/LUFA/Drivers/USB/Core/AVR8/Device_AVR8.o
 .comment       0x0000000000000011       0x12 .build/obj_split70_ez_split70_galen/protocol/lufa/LUFA-git/LUFA/Drivers/USB/Core/AVR8/EndpointStream_AVR8.o
 .comment       0x0000000000000011       0x12 .build/obj_split70_ez_split70_galen/protocol/lufa/LUFA-git/LUFA/Drivers/USB/Core/AVR8/Endpoint_AVR8.o
 .comment       0x0000000000000011       0x12 .build/obj_split70_ez_split70_galen/protocol/lufa/LUFA-git/LUFA/Drivers/USB/Core/AVR8/USBController_AVR8.o
 .comment       0x0000000000000011       0x12 .build/obj_split70_ez_split70_galen/protocol/lufa/LUFA-git/LUFA/Drivers/USB/Core/AVR8/USBInterrupt_AVR8.o
 .comment       0x0000000000000011       0x12 .build/obj_split70_ez_split70_galen/protocol/lufa/LUFA-git/LUFA/Drivers/USB/Core/DeviceStandardReq.o
 .comment       0x0000000000000011       0x12 .build/obj_split70_ez_split70_galen/protocol/lufa/LUFA-git/LUFA/Drivers/USB/Core/Events.o
 .comment       0x0000000000000011       0x12 .build/obj_split70_ez_split70_galen/protocol/lufa/LUFA-git/LUFA/Drivers/USB/Core/USBTask.o

.note.gnu.avr.deviceinfo
                0x0000000000000000       0x40
 .note.gnu.avr.deviceinfo
                0x0000000000000000       0x40 /usr/lib/gcc/avr/7.1.0/../../../../avr/lib/avr5/crtatmega32u4.o

.note.gnu.build-id
 *(.note.gnu.build-id)

.debug
 *(.debug)

.line
 *(.line)

.debug_srcinfo
 *(.debug_srcinfo)

.debug_sfnames
 *(.debug_sfnames)

.debug_aranges  0x0000000000000000      0xb30
 *(.debug_aranges)
 .debug_aranges
                0x0000000000000000       0x58 .build/obj_split70_ez_split70_galen/twimaster.o
 .debug_aranges
                0x0000000000000058       0x90 .build/obj_split70_ez_split70_galen/matrix.o
 .debug_aranges
                0x00000000000000e8       0x28 .build/obj_split70_ez_split70_galen/keyboards/split70/keymaps/split70_galen/keymap.o
 .debug_aranges
                0x0000000000000110       0xe0 .build/obj_split70_ez_split70_galen/quantum/quantum.o
 .debug_aranges
                0x00000000000001f0       0x40 .build/obj_split70_ez_split70_galen/quantum/keymap_common.o
 .debug_aranges
                0x0000000000000230       0x20 .build/obj_split70_ez_split70_galen/quantum/keycode_config.o
 .debug_aranges
                0x0000000000000250       0x28 .build/obj_split70_ez_split70_galen/quantum/process_keycode/process_leader.o
 .debug_aranges
                0x0000000000000278       0x28 .build/obj_split70_ez_split70_galen/keyboards/split70/ez/ez.o
 .debug_aranges
                0x00000000000002a0       0x40 .build/obj_split70_ez_split70_galen/quantum/process_keycode/process_unicode_common.o
 .debug_aranges
                0x00000000000002e0       0x20 .build/obj_split70_ez_split70_galen/quantum/process_keycode/process_unicode.o
 .debug_aranges
                0x0000000000000300       0x60 .build/obj_split70_ez_split70_galen/common/host.o
 .debug_aranges
                0x0000000000000360       0x40 .build/obj_split70_ez_split70_galen/common/keyboard.o
 .debug_aranges
                0x00000000000003a0       0x90 .build/obj_split70_ez_split70_galen/common/action.o
 .debug_aranges
                0x0000000000000430       0x40 .build/obj_split70_ez_split70_galen/common/action_tapping.o
 .debug_aranges
                0x0000000000000470       0x20 .build/obj_split70_ez_split70_galen/common/action_macro.o
 .debug_aranges
                0x0000000000000490       0xb0 .build/obj_split70_ez_split70_galen/common/action_layer.o
 .debug_aranges
                0x0000000000000540      0x128 .build/obj_split70_ez_split70_galen/common/action_util.o
 .debug_aranges
                0x0000000000000668       0x18 .build/obj_split70_ez_split70_galen/common/debug.o
 .debug_aranges
                0x0000000000000680       0x68 .build/obj_split70_ez_split70_galen/common/eeconfig.o
 .debug_aranges
                0x00000000000006e8       0x48 .build/obj_split70_ez_split70_galen/common/avr/suspend.o
 .debug_aranges
                0x0000000000000730       0x50 .build/obj_split70_ez_split70_galen/common/avr/timer.o
 .debug_aranges
                0x0000000000000780       0x28 .build/obj_split70_ez_split70_galen/common/avr/bootloader.o
 .debug_aranges
                0x00000000000007a8       0x20 .build/obj_split70_ez_split70_galen/common/magic.o
 .debug_aranges
                0x00000000000007c8       0x50 .build/obj_split70_ez_split70_galen/common/mousekey.o
 .debug_aranges
                0x0000000000000818       0x50 .build/obj_split70_ez_split70_galen/common/command.o
 .debug_aranges
                0x0000000000000868       0x80 .build/obj_split70_ez_split70_galen/lufa.o
 .debug_aranges
                0x00000000000008e8       0x20 .build/obj_split70_ez_split70_galen/descriptor.o
 .debug_aranges
                0x0000000000000908       0x38 .build/obj_split70_ez_split70_galen/outputselect.o
 .debug_aranges
                0x0000000000000940       0x20 .build/obj_split70_ez_split70_galen/protocol/lufa/LUFA-git/LUFA/Drivers/USB/Core/AVR8/Device_AVR8.o
 .debug_aranges
                0x0000000000000960       0xc8 .build/obj_split70_ez_split70_galen/protocol/lufa/LUFA-git/LUFA/Drivers/USB/Core/AVR8/EndpointStream_AVR8.o
 .debug_aranges
                0x0000000000000a28       0x40 .build/obj_split70_ez_split70_galen/protocol/lufa/LUFA-git/LUFA/Drivers/USB/Core/AVR8/Endpoint_AVR8.o
 .debug_aranges
                0x0000000000000a68       0x30 .build/obj_split70_ez_split70_galen/protocol/lufa/LUFA-git/LUFA/Drivers/USB/Core/AVR8/USBController_AVR8.o
 .debug_aranges
                0x0000000000000a98       0x38 .build/obj_split70_ez_split70_galen/protocol/lufa/LUFA-git/LUFA/Drivers/USB/Core/AVR8/USBInterrupt_AVR8.o
 .debug_aranges
                0x0000000000000ad0       0x20 .build/obj_split70_ez_split70_galen/protocol/lufa/LUFA-git/LUFA/Drivers/USB/Core/DeviceStandardReq.o
 .debug_aranges
                0x0000000000000af0       0x20 .build/obj_split70_ez_split70_galen/protocol/lufa/LUFA-git/LUFA/Drivers/USB/Core/Events.o
 .debug_aranges
                0x0000000000000b10       0x20 .build/obj_split70_ez_split70_galen/protocol/lufa/LUFA-git/LUFA/Drivers/USB/Core/USBTask.o

.debug_pubnames
 *(.debug_pubnames)

.debug_info     0x0000000000000000    0x164af
 *(.debug_info .gnu.linkonce.wi.*)
 .debug_info    0x0000000000000000      0x9f4 /usr/lib/gcc/avr/7.1.0/../../../../avr/lib/avr5/crtatmega32u4.o
 .debug_info    0x00000000000009f4      0x1be .build/obj_split70_ez_split70_galen/twimaster.o
 .debug_info    0x0000000000000bb2      0xb31 .build/obj_split70_ez_split70_galen/matrix.o
 .debug_info    0x00000000000016e3     0x10ca .build/obj_split70_ez_split70_galen/keyboards/split70/keymaps/split70_galen/keymap.o
 .debug_info    0x00000000000027ad     0x1aab .build/obj_split70_ez_split70_galen/quantum/quantum.o
 .debug_info    0x0000000000004258     0x1563 .build/obj_split70_ez_split70_galen/quantum/keymap_common.o
 .debug_info    0x00000000000057bb      0x580 .build/obj_split70_ez_split70_galen/quantum/keycode_config.o
 .debug_info    0x0000000000005d3b      0xa10 .build/obj_split70_ez_split70_galen/quantum/process_keycode/process_leader.o
 .debug_info    0x000000000000674b      0x6ea .build/obj_split70_ez_split70_galen/keyboards/split70/ez/ez.o
 .debug_info    0x0000000000006e35      0xd38 .build/obj_split70_ez_split70_galen/quantum/process_keycode/process_unicode_common.o
 .debug_info    0x0000000000007b6d      0x9d3 .build/obj_split70_ez_split70_galen/quantum/process_keycode/process_unicode.o
 .debug_info    0x0000000000008540      0x64e .build/obj_split70_ez_split70_galen/common/host.o
 .debug_info    0x0000000000008b8e      0x788 .build/obj_split70_ez_split70_galen/common/keyboard.o
 .debug_info    0x0000000000009316     0x1b08 .build/obj_split70_ez_split70_galen/common/action.o
 .debug_info    0x000000000000ae1e      0xe99 .build/obj_split70_ez_split70_galen/common/action_tapping.o
 .debug_info    0x000000000000bcb7      0xa6d .build/obj_split70_ez_split70_galen/common/action_macro.o
 .debug_info    0x000000000000c724      0x927 .build/obj_split70_ez_split70_galen/common/action_layer.o
 .debug_info    0x000000000000d04b      0xbdf .build/obj_split70_ez_split70_galen/common/action_util.o
 .debug_info    0x000000000000dc2a      0x104 .build/obj_split70_ez_split70_galen/common/debug.o
 .debug_info    0x000000000000dd2e      0x352 .build/obj_split70_ez_split70_galen/common/eeconfig.o
 .debug_info    0x000000000000e080      0x650 .build/obj_split70_ez_split70_galen/common/avr/suspend.o
 .debug_info    0x000000000000e6d0      0x3aa .build/obj_split70_ez_split70_galen/common/avr/timer.o
 .debug_info    0x000000000000ea7a      0x3a1 .build/obj_split70_ez_split70_galen/common/avr/bootloader.o
 .debug_info    0x000000000000ee1b      0x4b6 .build/obj_split70_ez_split70_galen/common/magic.o
 .debug_info    0x000000000000f2d1      0x7d6 .build/obj_split70_ez_split70_galen/common/mousekey.o
 .debug_info    0x000000000000faa7      0xd37 .build/obj_split70_ez_split70_galen/common/command.o
 .debug_info    0x00000000000107de     0x138e .build/obj_split70_ez_split70_galen/lufa.o
 .debug_info    0x0000000000011b6c      0x94c .build/obj_split70_ez_split70_galen/descriptor.o
 .debug_info    0x00000000000124b8      0x521 .build/obj_split70_ez_split70_galen/outputselect.o
 .debug_info    0x00000000000129d9      0x18c .build/obj_split70_ez_split70_galen/protocol/lufa/LUFA-git/LUFA/Drivers/USB/Core/AVR8/Device_AVR8.o
 .debug_info    0x0000000000012b65     0x17d8 .build/obj_split70_ez_split70_galen/protocol/lufa/LUFA-git/LUFA/Drivers/USB/Core/AVR8/EndpointStream_AVR8.o
 .debug_info    0x000000000001433d      0x64a .build/obj_split70_ez_split70_galen/protocol/lufa/LUFA-git/LUFA/Drivers/USB/Core/AVR8/Endpoint_AVR8.o
 .debug_info    0x0000000000014987      0x54a .build/obj_split70_ez_split70_galen/protocol/lufa/LUFA-git/LUFA/Drivers/USB/Core/AVR8/USBController_AVR8.o
 .debug_info    0x0000000000014ed1      0x875 .build/obj_split70_ez_split70_galen/protocol/lufa/LUFA-git/LUFA/Drivers/USB/Core/AVR8/USBInterrupt_AVR8.o
 .debug_info    0x0000000000015746      0xa4a .build/obj_split70_ez_split70_galen/protocol/lufa/LUFA-git/LUFA/Drivers/USB/Core/DeviceStandardReq.o
 .debug_info    0x0000000000016190       0x78 .build/obj_split70_ez_split70_galen/protocol/lufa/LUFA-git/LUFA/Drivers/USB/Core/Events.o
 .debug_info    0x0000000000016208      0x2a7 .build/obj_split70_ez_split70_galen/protocol/lufa/LUFA-git/LUFA/Drivers/USB/Core/USBTask.o

.debug_abbrev   0x0000000000000000     0x584b
 *(.debug_abbrev)
 .debug_abbrev  0x0000000000000000      0x96a /usr/lib/gcc/avr/7.1.0/../../../../avr/lib/avr5/crtatmega32u4.o
 .debug_abbrev  0x000000000000096a       0xe8 .build/obj_split70_ez_split70_galen/twimaster.o
 .debug_abbrev  0x0000000000000a52      0x39d .build/obj_split70_ez_split70_galen/matrix.o
 .debug_abbrev  0x0000000000000def      0x245 .build/obj_split70_ez_split70_galen/keyboards/split70/keymaps/split70_galen/keymap.o
 .debug_abbrev  0x0000000000001034      0x488 .build/obj_split70_ez_split70_galen/quantum/quantum.o
 .debug_abbrev  0x00000000000014bc      0x282 .build/obj_split70_ez_split70_galen/quantum/keymap_common.o
 .debug_abbrev  0x000000000000173e       0xd2 .build/obj_split70_ez_split70_galen/quantum/keycode_config.o
 .debug_abbrev  0x0000000000001810      0x1ef .build/obj_split70_ez_split70_galen/quantum/process_keycode/process_leader.o
 .debug_abbrev  0x00000000000019ff      0x24a .build/obj_split70_ez_split70_galen/keyboards/split70/ez/ez.o
 .debug_abbrev  0x0000000000001c49      0x2bc .build/obj_split70_ez_split70_galen/quantum/process_keycode/process_unicode_common.o
 .debug_abbrev  0x0000000000001f05      0x1e8 .build/obj_split70_ez_split70_galen/quantum/process_keycode/process_unicode.o
 .debug_abbrev  0x00000000000020ed      0x204 .build/obj_split70_ez_split70_galen/common/host.o
 .debug_abbrev  0x00000000000022f1      0x277 .build/obj_split70_ez_split70_galen/common/keyboard.o
 .debug_abbrev  0x0000000000002568      0x341 .build/obj_split70_ez_split70_galen/common/action.o
 .debug_abbrev  0x00000000000028a9      0x2f3 .build/obj_split70_ez_split70_galen/common/action_tapping.o
 .debug_abbrev  0x0000000000002b9c      0x240 .build/obj_split70_ez_split70_galen/common/action_macro.o
 .debug_abbrev  0x0000000000002ddc      0x25d .build/obj_split70_ez_split70_galen/common/action_layer.o
 .debug_abbrev  0x0000000000003039      0x363 .build/obj_split70_ez_split70_galen/common/action_util.o
 .debug_abbrev  0x000000000000339c       0x94 .build/obj_split70_ez_split70_galen/common/debug.o
 .debug_abbrev  0x0000000000003430       0xc2 .build/obj_split70_ez_split70_galen/common/eeconfig.o
 .debug_abbrev  0x00000000000034f2      0x2bf .build/obj_split70_ez_split70_galen/common/avr/suspend.o
 .debug_abbrev  0x00000000000037b1      0x182 .build/obj_split70_ez_split70_galen/common/avr/timer.o
 .debug_abbrev  0x0000000000003933      0x1ff .build/obj_split70_ez_split70_galen/common/avr/bootloader.o
 .debug_abbrev  0x0000000000003b32      0x191 .build/obj_split70_ez_split70_galen/common/magic.o
 .debug_abbrev  0x0000000000003cc3      0x22d .build/obj_split70_ez_split70_galen/common/mousekey.o
 .debug_abbrev  0x0000000000003ef0      0x37e .build/obj_split70_ez_split70_galen/common/command.o
 .debug_abbrev  0x000000000000426e      0x43d .build/obj_split70_ez_split70_galen/lufa.o
 .debug_abbrev  0x00000000000046ab      0x1d9 .build/obj_split70_ez_split70_galen/descriptor.o
 .debug_abbrev  0x0000000000004884      0x20b .build/obj_split70_ez_split70_galen/outputselect.o
 .debug_abbrev  0x0000000000004a8f       0xb6 .build/obj_split70_ez_split70_galen/protocol/lufa/LUFA-git/LUFA/Drivers/USB/Core/AVR8/Device_AVR8.o
 .debug_abbrev  0x0000000000004b45      0x20a .build/obj_split70_ez_split70_galen/protocol/lufa/LUFA-git/LUFA/Drivers/USB/Core/AVR8/EndpointStream_AVR8.o
 .debug_abbrev  0x0000000000004d4f      0x251 .build/obj_split70_ez_split70_galen/protocol/lufa/LUFA-git/LUFA/Drivers/USB/Core/AVR8/Endpoint_AVR8.o
 .debug_abbrev  0x0000000000004fa0      0x1af .build/obj_split70_ez_split70_galen/protocol/lufa/LUFA-git/LUFA/Drivers/USB/Core/AVR8/USBController_AVR8.o
 .debug_abbrev  0x000000000000514f      0x231 .build/obj_split70_ez_split70_galen/protocol/lufa/LUFA-git/LUFA/Drivers/USB/Core/AVR8/USBInterrupt_AVR8.o
 .debug_abbrev  0x0000000000005380      0x2ef .build/obj_split70_ez_split70_galen/protocol/lufa/LUFA-git/LUFA/Drivers/USB/Core/DeviceStandardReq.o
 .debug_abbrev  0x000000000000566f       0x44 .build/obj_split70_ez_split70_galen/protocol/lufa/LUFA-git/LUFA/Drivers/USB/Core/Events.o
 .debug_abbrev  0x00000000000056b3      0x198 .build/obj_split70_ez_split70_galen/protocol/lufa/LUFA-git/LUFA/Drivers/USB/Core/USBTask.o

.debug_line     0x0000000000000000     0x99d5
 *(.debug_line .debug_line.* .debug_line_end)
 .debug_line    0x0000000000000000       0x1d /usr/lib/gcc/avr/7.1.0/../../../../avr/lib/avr5/crtatmega32u4.o
 .debug_line    0x000000000000001d      0x258 .build/obj_split70_ez_split70_galen/twimaster.o
 .debug_line    0x0000000000000275      0x610 .build/obj_split70_ez_split70_galen/matrix.o
 .debug_line    0x0000000000000885      0x31a .build/obj_split70_ez_split70_galen/keyboards/split70/keymaps/split70_galen/keymap.o
 .debug_line    0x0000000000000b9f      0x998 .build/obj_split70_ez_split70_galen/quantum/quantum.o
 .debug_line    0x0000000000001537      0x4e5 .build/obj_split70_ez_split70_galen/quantum/keymap_common.o
 .debug_line    0x0000000000001a1c      0x133 .build/obj_split70_ez_split70_galen/quantum/keycode_config.o
 .debug_line    0x0000000000001b4f      0x304 .build/obj_split70_ez_split70_galen/quantum/process_keycode/process_leader.o
 .debug_line    0x0000000000001e53      0x31e .build/obj_split70_ez_split70_galen/keyboards/split70/ez/ez.o
 .debug_line    0x0000000000002171      0x4ba .build/obj_split70_ez_split70_galen/quantum/process_keycode/process_unicode_common.o
 .debug_line    0x000000000000262b      0x27d .build/obj_split70_ez_split70_galen/quantum/process_keycode/process_unicode.o
 .debug_line    0x00000000000028a8      0x27c .build/obj_split70_ez_split70_galen/common/host.o
 .debug_line    0x0000000000002b24      0x2ee .build/obj_split70_ez_split70_galen/common/keyboard.o
 .debug_line    0x0000000000002e12      0x992 .build/obj_split70_ez_split70_galen/common/action.o
 .debug_line    0x00000000000037a4      0x557 .build/obj_split70_ez_split70_galen/common/action_tapping.o
 .debug_line    0x0000000000003cfb      0x26a .build/obj_split70_ez_split70_galen/common/action_macro.o
 .debug_line    0x0000000000003f65      0x314 .build/obj_split70_ez_split70_galen/common/action_layer.o
 .debug_line    0x0000000000004279      0x61e .build/obj_split70_ez_split70_galen/common/action_util.o
 .debug_line    0x0000000000004897       0x62 .build/obj_split70_ez_split70_galen/common/debug.o
 .debug_line    0x00000000000048f9      0x173 .build/obj_split70_ez_split70_galen/common/eeconfig.o
 .debug_line    0x0000000000004a6c      0x314 .build/obj_split70_ez_split70_galen/common/avr/suspend.o
 .debug_line    0x0000000000004d80      0x256 .build/obj_split70_ez_split70_galen/common/avr/timer.o
 .debug_line    0x0000000000004fd6      0x243 .build/obj_split70_ez_split70_galen/common/avr/bootloader.o
 .debug_line    0x0000000000005219      0x1ba .build/obj_split70_ez_split70_galen/common/magic.o
 .debug_line    0x00000000000053d3      0x6e1 .build/obj_split70_ez_split70_galen/common/mousekey.o
 .debug_line    0x0000000000005ab4      0x5fa .build/obj_split70_ez_split70_galen/common/command.o
 .debug_line    0x00000000000060ae      0x92c .build/obj_split70_ez_split70_galen/lufa.o
 .debug_line    0x00000000000069da      0x267 .build/obj_split70_ez_split70_galen/descriptor.o
 .debug_line    0x0000000000006c41      0x218 .build/obj_split70_ez_split70_galen/outputselect.o
 .debug_line    0x0000000000006e59      0x1c3 .build/obj_split70_ez_split70_galen/protocol/lufa/LUFA-git/LUFA/Drivers/USB/Core/AVR8/Device_AVR8.o
 .debug_line    0x000000000000701c     0x1406 .build/obj_split70_ez_split70_galen/protocol/lufa/LUFA-git/LUFA/Drivers/USB/Core/AVR8/EndpointStream_AVR8.o
 .debug_line    0x0000000000008422      0x541 .build/obj_split70_ez_split70_galen/protocol/lufa/LUFA-git/LUFA/Drivers/USB/Core/AVR8/Endpoint_AVR8.o
 .debug_line    0x0000000000008963      0x370 .build/obj_split70_ez_split70_galen/protocol/lufa/LUFA-git/LUFA/Drivers/USB/Core/AVR8/USBController_AVR8.o
 .debug_line    0x0000000000008cd3      0x5d6 .build/obj_split70_ez_split70_galen/protocol/lufa/LUFA-git/LUFA/Drivers/USB/Core/AVR8/USBInterrupt_AVR8.o
 .debug_line    0x00000000000092a9      0x4f8 .build/obj_split70_ez_split70_galen/protocol/lufa/LUFA-git/LUFA/Drivers/USB/Core/DeviceStandardReq.o
 .debug_line    0x00000000000097a1       0x77 .build/obj_split70_ez_split70_galen/protocol/lufa/LUFA-git/LUFA/Drivers/USB/Core/Events.o
 .debug_line    0x0000000000009818      0x1bd .build/obj_split70_ez_split70_galen/protocol/lufa/LUFA-git/LUFA/Drivers/USB/Core/USBTask.o

.debug_frame    0x0000000000000000     0x1bdc
 *(.debug_frame)
 .debug_frame   0x0000000000000000       0x94 .build/obj_split70_ez_split70_galen/twimaster.o
 .debug_frame   0x0000000000000094      0x164 .build/obj_split70_ez_split70_galen/matrix.o
 .debug_frame   0x00000000000001f8       0x44 .build/obj_split70_ez_split70_galen/keyboards/split70/keymaps/split70_galen/keymap.o
 .debug_frame   0x000000000000023c      0x2d8 .build/obj_split70_ez_split70_galen/quantum/quantum.o
 .debug_frame   0x0000000000000514       0x64 .build/obj_split70_ez_split70_galen/quantum/keymap_common.o
 .debug_frame   0x0000000000000578       0x24 .build/obj_split70_ez_split70_galen/quantum/keycode_config.o
 .debug_frame   0x000000000000059c       0x58 .build/obj_split70_ez_split70_galen/quantum/process_keycode/process_leader.o
 .debug_frame   0x00000000000005f4       0x34 .build/obj_split70_ez_split70_galen/keyboards/split70/ez/ez.o
 .debug_frame   0x0000000000000628       0x84 .build/obj_split70_ez_split70_galen/quantum/process_keycode/process_unicode_common.o
 .debug_frame   0x00000000000006ac       0x30 .build/obj_split70_ez_split70_galen/quantum/process_keycode/process_unicode.o
 .debug_frame   0x00000000000006dc       0xa4 .build/obj_split70_ez_split70_galen/common/host.o
 .debug_frame   0x0000000000000780       0xa0 .build/obj_split70_ez_split70_galen/common/keyboard.o
 .debug_frame   0x0000000000000820      0x1a4 .build/obj_split70_ez_split70_galen/common/action.o
 .debug_frame   0x00000000000009c4       0xe8 .build/obj_split70_ez_split70_galen/common/action_tapping.o
 .debug_frame   0x0000000000000aac       0x48 .build/obj_split70_ez_split70_galen/common/action_macro.o
 .debug_frame   0x0000000000000af4      0x220 .build/obj_split70_ez_split70_galen/common/action_layer.o
 .debug_frame   0x0000000000000d14      0x240 .build/obj_split70_ez_split70_galen/common/action_util.o
 .debug_frame   0x0000000000000f54       0xb4 .build/obj_split70_ez_split70_galen/common/eeconfig.o
 .debug_frame   0x0000000000001008       0xb0 .build/obj_split70_ez_split70_galen/common/avr/suspend.o
 .debug_frame   0x00000000000010b8       0xcc .build/obj_split70_ez_split70_galen/common/avr/timer.o
 .debug_frame   0x0000000000001184       0x34 .build/obj_split70_ez_split70_galen/common/avr/bootloader.o
 .debug_frame   0x00000000000011b8       0x24 .build/obj_split70_ez_split70_galen/common/magic.o
 .debug_frame   0x00000000000011dc       0x98 .build/obj_split70_ez_split70_galen/common/mousekey.o
 .debug_frame   0x0000000000001274       0xa8 .build/obj_split70_ez_split70_galen/common/command.o
 .debug_frame   0x000000000000131c      0x140 .build/obj_split70_ez_split70_galen/lufa.o
 .debug_frame   0x000000000000145c       0x24 .build/obj_split70_ez_split70_galen/descriptor.o
 .debug_frame   0x0000000000001480       0x5c .build/obj_split70_ez_split70_galen/outputselect.o
 .debug_frame   0x00000000000014dc       0x24 .build/obj_split70_ez_split70_galen/protocol/lufa/LUFA-git/LUFA/Drivers/USB/Core/AVR8/Device_AVR8.o
 .debug_frame   0x0000000000001500      0x474 .build/obj_split70_ez_split70_galen/protocol/lufa/LUFA-git/LUFA/Drivers/USB/Core/AVR8/EndpointStream_AVR8.o
 .debug_frame   0x0000000000001974       0x7c .build/obj_split70_ez_split70_galen/protocol/lufa/LUFA-git/LUFA/Drivers/USB/Core/AVR8/Endpoint_AVR8.o
 .debug_frame   0x00000000000019f0       0x5c .build/obj_split70_ez_split70_galen/protocol/lufa/LUFA-git/LUFA/Drivers/USB/Core/AVR8/USBController_AVR8.o
 .debug_frame   0x0000000000001a4c      0x104 .build/obj_split70_ez_split70_galen/protocol/lufa/LUFA-git/LUFA/Drivers/USB/Core/AVR8/USBInterrupt_AVR8.o
 .debug_frame   0x0000000000001b50       0x3c .build/obj_split70_ez_split70_galen/protocol/lufa/LUFA-git/LUFA/Drivers/USB/Core/DeviceStandardReq.o
 .debug_frame   0x0000000000001b8c       0x24 .build/obj_split70_ez_split70_galen/protocol/lufa/LUFA-git/LUFA/Drivers/USB/Core/Events.o
 .debug_frame   0x0000000000001bb0       0x2c .build/obj_split70_ez_split70_galen/protocol/lufa/LUFA-git/LUFA/Drivers/USB/Core/USBTask.o

.debug_str      0x0000000000000000     0x4af3
 *(.debug_str)
 .debug_str     0x0000000000000000      0x371 /usr/lib/gcc/avr/7.1.0/../../../../avr/lib/avr5/crtatmega32u4.o
 .debug_str     0x0000000000000371      0x1da .build/obj_split70_ez_split70_galen/twimaster.o
                                        0x213 (size before relaxing)
 .debug_str     0x000000000000054b      0x472 .build/obj_split70_ez_split70_galen/matrix.o
                                        0x68c (size before relaxing)
 .debug_str     0x00000000000009bd      0xff6 .build/obj_split70_ez_split70_galen/keyboards/split70/keymaps/split70_galen/keymap.o
                                       0x14b8 (size before relaxing)
 .debug_str     0x00000000000019b3      0x40a .build/obj_split70_ez_split70_galen/quantum/quantum.o
                                       0x14bb (size before relaxing)
 .debug_str     0x0000000000001dbd      0x1ea .build/obj_split70_ez_split70_galen/quantum/keymap_common.o
                                       0x16ab (size before relaxing)
 .debug_str     0x0000000000001fa7       0x19 .build/obj_split70_ez_split70_galen/quantum/keycode_config.o
                                        0x812 (size before relaxing)
 .debug_str     0x0000000000001fc0       0x7a .build/obj_split70_ez_split70_galen/quantum/process_keycode/process_leader.o
                                        0xaaa (size before relaxing)
 .debug_str     0x000000000000203a       0x2a .build/obj_split70_ez_split70_galen/keyboards/split70/ez/ez.o
                                        0x53c (size before relaxing)
 .debug_str     0x0000000000002064       0xa5 .build/obj_split70_ez_split70_galen/quantum/process_keycode/process_unicode_common.o
                                        0xb3c (size before relaxing)
 .debug_str     0x0000000000002109       0x2a .build/obj_split70_ez_split70_galen/quantum/process_keycode/process_unicode.o
                                        0xa80 (size before relaxing)
 .debug_str     0x0000000000002133      0x11d .build/obj_split70_ez_split70_galen/common/host.o
                                        0x49f (size before relaxing)
 .debug_str     0x0000000000002250      0x151 .build/obj_split70_ez_split70_galen/common/keyboard.o
                                        0x5e2 (size before relaxing)
 .debug_str     0x00000000000023a1      0x354 .build/obj_split70_ez_split70_galen/common/action.o
                                       0x14da (size before relaxing)
 .debug_str     0x00000000000026f5       0xe8 .build/obj_split70_ez_split70_galen/common/action_tapping.o
                                        0xb87 (size before relaxing)
 .debug_str     0x00000000000027dd       0x76 .build/obj_split70_ez_split70_galen/common/action_macro.o
                                        0xa12 (size before relaxing)
 .debug_str     0x0000000000002853       0x6d .build/obj_split70_ez_split70_galen/common/action_layer.o
                                        0x4c1 (size before relaxing)
 .debug_str     0x00000000000028c0      0x184 .build/obj_split70_ez_split70_galen/common/action_util.o
                                        0x78b (size before relaxing)
 .debug_str     0x0000000000002a44       0x1a .build/obj_split70_ez_split70_galen/common/debug.o
                                        0x1e7 (size before relaxing)
 .debug_str     0x0000000000002a5e       0xea .build/obj_split70_ez_split70_galen/common/eeconfig.o
                                        0x2cc (size before relaxing)
 .debug_str     0x0000000000002b48      0x159 .build/obj_split70_ez_split70_galen/common/avr/suspend.o
                                        0x53e (size before relaxing)
 .debug_str     0x0000000000002ca1       0x8b .build/obj_split70_ez_split70_galen/common/avr/timer.o
                                        0x252 (size before relaxing)
 .debug_str     0x0000000000002d2c       0x6f .build/obj_split70_ez_split70_galen/common/avr/bootloader.o
                                        0x38e (size before relaxing)
 .debug_str     0x0000000000002d9b       0x1a .build/obj_split70_ez_split70_galen/common/magic.o
                                        0x48e (size before relaxing)
 .debug_str     0x0000000000002db5       0x78 .build/obj_split70_ez_split70_galen/common/mousekey.o
                                        0x7d0 (size before relaxing)
 .debug_str     0x0000000000002e2d      0x134 .build/obj_split70_ez_split70_galen/common/command.o
                                        0xc7d (size before relaxing)
 .debug_str     0x0000000000002f61      0x444 .build/obj_split70_ez_split70_galen/lufa.o
                                        0xb52 (size before relaxing)
 .debug_str     0x00000000000033a5      0x76e .build/obj_split70_ez_split70_galen/descriptor.o